[ittza7aa.com/index.html]
[backblue.gif]
[fade.gif]
[index.html]
[ittza7aa.com/aseets/free.jpg]
[ittza7aa.com/css/framework7.bundle.min.css]
[ittza7aa.com/css/app.css]
[ittza7aa.com/css/my-app.css]
[cdnjs.cloudflare.com/ajax/libs/inobounce/0.2.0/inobounce.js]
[ittza7aa.com/img/icon.png]
[ittza7aa.com/img/icon-square.png]
[www.fontstatic.com/f=bein-normal.css]
[use.fontawesome.com/releases/v5.6.3/css/all.css]
[cdnjs.cloudflare.com/ajax/libs/animate.css/4.0.0/animate.min.css]
[ittza7aa.com/aseets/fonts/NRT-Bd.ttf]
[ittza7aa.com/aseets/fonts/NRT-Reg.ttf]
[ittza7aa.com/aseets/icon/free1.png]
[ittza7aa.com/aseets/icon/vip.jpg]
[ittza7aa.com/aseets/icon/videostarpro.png]
[ittza7aa.com/aseets/icon/alightmotion.png]
[api.nekoo.ru/view/lKkYLRVu.12.delayed]
[ittza7aa.com/aseets/icon/uncover.png]
[ittza7aa.com/itms-services_/index6721.html]
[api.nekoo.ru/view/UbYwaBbE.14.delayed]
[ittza7aa.com/aseets/icon/snapchat.png]
[api.nekoo.ru/view/hVGaBaOz.16.delayed]
[ittza7aa.com/aseets/icon/instagram.png]
[api.nekoo.ru/view/bVkWmnfk.18.delayed]
[ittza7aa.com/aseets/icon/8ball.png]
[api.nekoo.ru/view/BjsRGcVD.1a.delayed]
[ittza7aa.com/aseets/icon/agario.png]
[api.nekoo.ru/view/NsJpGOdb.1c.delayed]
[ittza7aa.com/aseets/icon/bully.png]
[ittza7aa.com/aseets/icon/car_parking.png]
[api.nekoo.ru/view/tPahMiHm.1f.delayed]
[ittza7aa.com/aseets/icon/carxdrift.png]
[api.nekoo.ru/view/qOQjozZY.21.delayed]
[ittza7aa.com/aseets/icon/carxdrift2.png]
[ittza7aa.com/aseets/icon/carxstreet.png]
[ittza7aa.com/aseets/icon/clashofclans.png]
[api.nekoo.ru/view/TqcqEonq.25.delayed]
[ittza7aa.com/aseets/icon/clashroyal.png]
[api.nekoo.ru/view/tMOPNyFf.27.delayed]
[ittza7aa.com/aseets/icon/cutecutpro.png]
[api.nekoo.ru/view/GOhJzqlG.29.delayed]
[ittza7aa.com/aseets/icon/djay.png]
[api.nekoo.ru/view/OCdyWtvc.2b.delayed]
[ittza7aa.com/aseets/icon/DLS23 - KamoHacks [10.170].png]
[api.nekoo.ru/view/ouuPDTaR.2d.delayed]
[ittza7aa.com/aseets/icon/Farming Simulator 20 - Kamohacks [ 1.1.13].jfif]
[api.nekoo.ru/view/uIyAHjsG.2f.delayed]
[ittza7aa.com/aseets/icon/fifa.png]
[api.nekoo.ru/view/clxXnbFt.31.delayed]
[ittza7aa.com/aseets/icon/fv.png]
[ittza7aa.com/aseets/icon/gettingover.png]
[ittza7aa.com/aseets/icon/gtasa.png]
[ittza7aa.com/aseets/icon/gtakurd.png]
[ittza7aa.com/aseets/icon/gtavice.png]
[ittza7aa.com/aseets/icon/gtaiii.png]
[vip.ittza7aa.com/img/hayday.png]
[api.nekoo.ru/view/rngIkcpl.39.delayed]
[ittza7aa.com/aseets/icon/minecraft.png]
[api.nekoo.ru/view/CxuogKBa.3b.delayed]
[ittza7aa.com/aseets/icon/moviespirit.png]
[api.nekoo.ru/view/sLsuaYTl.3d.delayed]
[ittza7aa.com/aseets/icon/mudrunner.jpg]
[ittza7aa.com/aseets/icon/netflix.jpg]
[ittza7aa.com/aseets/icon/org2023.png]
[api.nekoo.ru/view/oXsubkRd.41.delayed]
[ittza7aa.com/aseets/icon/picsart.png]
[api.nekoo.ru/view/UUXxjbZv.43.delayed]
[ittza7aa.com/aseets/icon/limbo.png]
[ittza7aa.com/aseets/icon/INSIDE - KamoHacks [1.1.10].jpg]
[ittza7aa.com/aseets/icon/ppsspp.png]
[api.nekoo.ru/view/lyqxDpdM.47.delayed]
[ittza7aa.com/aseets/icon/pubg.png]
[ittza7aa.com/aseets/icon/pubgkr.png]
[ittza7aa.com/aseets/icon/roblox.png]
[api.nekoo.ru/view/cvjHCWGU.4b.delayed]
[ittza7aa.com/aseets/icon/Score Hero 2023 [v2.70].jfif]
[ittza7aa.com/aseets/icon/shadiw2.png]
[api.nekoo.ru/view/citGHYJD.4e.delayed]
[ittza7aa.com/aseets/icon/shadowrocket.jpg]
[api.nekoo.ru/view/EQWbiXZD.50.delayed]
[ittza7aa.com/aseets/icon/snakeio.png]
[api.nekoo.ru/view/PAPKncdL.52.delayed]
[ittza7aa.com/aseets/icon/subway.png]
[api.nekoo.ru/view/RTDmmMYV.54.delayed]
[ittza7aa.com/aseets/icon/tiktok.png]
[api.nekoo.ru/view/SekhrOYj.56.delayed]
[ittza7aa.com/aseets/icon/toca.png]
[api.nekoo.ru/view/fBDpRBDT.58.delayed]
[vip.ittza7aa.com/img/truckerofroup.jpg]
[api.nekoo.ru/view/JGoxvBKR.5a.delayed]
[ittza7aa.com/aseets/icon/youtube.png]
[api.nekoo.ru/view/tDqjWGtF.5c.delayed]
[ittza7aa.com/itms-services_/index7734.html]
[up-ipa.com/uploads/up-ipa.comAlight-Motion-Hack_c1492.apk]
[ittza7aa.com/itms-services_/index629b.html]
[ittza7aa.com/itms-services_/index1c08.html]
[up-ipa.com/uploads/up-ipa.comSnapchat-Dark-Mode_18e50.apk]
[i.ibb.co/4RVf13P/photo-2023-02-02-22-23-21.jpg]
[ittza7aa.com/itms-services_/indexb01f.html]
[ittza7aa.com/itms-services_/indexda67.html]
[ittza7aa.com/itms-services_/index6c46.html]
[ittza7aa.com/itms-services_/index2de8.html]
[ittza7aa.com/itms-services_/index74cd.html]
[ittza7aa.com/aseets/vid.mp4]
[t.me/ittzA7aa.html]
[up-ipa.xyz/share/fygGKkzHoVTNMXYw/direct.html]
[ittza7aa.com/aseets/icon/appleid.jpg]
[is4-ssl.mzstatic.com/image/thumb/Purple112/v4/64/4f/32/644f32cc-0fd1-8f95-f610-27d7edc8aa69/AppIcon-0-1x_U007emarketing-0-10-0-0-85-220.png/1200x600wa.png]
[ittza7aa.com/cdn-cgi/scripts/5c5dd728/cloudflare-static/email-decode.min.js]
[ittza7aa.com/client.crisp.chat/l.js]
[ittza7aa.com/cdn-cgi/challenge-platform/h/b/scripts/alpha/invisible56155615.js]
[static.cloudflareinsights.com/beacon.min.js/vaafb692b2aea4879b33c060e79fe94621666317369993]
[static.cloudflareinsights.com/beacon.min.js/v52afc6f149f6479b8c77fa569edb01181681764108816]
[ittza7aa.com/js/framework7.bundle.min.js]
[ittza7aa.com/js/app.js]
[ittza7aa.com/js/link.js]
[code.jquery.com/jquery-3.5.1.min.js]
[ittza7aa.com/Get]
[ittza7aa.com/plists/addme.xml]
[ittza7aa.com/GET]
[ittza7aa.com/index.html]
[ittza7aa.com/css/framework7.bundle.min.css]
[ittza7aa.com/css/app.css]
[ittza7aa.com/css/my-app.css]
[ittza7aa.com/img/icon.html]
[ittza7aa.com/img/icon-square.html]
[www.fontstatic.com/fonts/bein-normal/bein-normald41d.eot]
[www.fontstatic.com/f=bein-normal.css]
[use.fontawesome.com/releases/v5.6.3/css/all.css]
[cdnjs.cloudflare.com/ajax/libs/animate.css/4.0.0/animate.min.css]
[www.fontstatic.com/fonts/bein-normal/bein-normal.woff]
[pagead2.googlesyndication.com/pagead/js/f600c.txt]
[inklinkor.com/tag.min.js]
[plist.tweakdoor.com/img/tweakdoor.jpg]
[cdnjs.cloudflare.com/ajax/libs/animate.css/3.5.2/animate.min.css]
[tweak-box.com/wp-content/uploads/2020/02/tweakdoor-app-200px.png]
[pagead2.googlesyndication.com/pagead/js/fd191.txt]
[plist.tweakdoor.com/img/shadowrocket.png]
[pbs.twimg.com/media/Fk0ntuiWIAcaErD.jpg]
[plist.tweakdoor.com/img/retro.png]
[plist.tweakdoor.com/img/videostar.png]
[plist.tweakdoor.com/img/videostarpro.png]
[plist.tweakdoor.com/img/minecraft.png]
[plist.tweakdoor.com/img/uncover.png]
[plist.tweakdoor.com/img/taurine.jpg]
[plist.tweakdoor.com/img/odessey.png]
[app.tweakdoor.com/img/blacklistt.jpg]
[plist.tweakdoor.com/img/trollstore.png]
[plist.tweakdoor.com/img/spotify.png]
[plist.tweakdoor.com/img/snapchat.png]
[plist.tweakdoor.com/img/insta.png]
[plist.tweakdoor.com/img/tiktok.png]
[plist.tweakdoor.com/img/youtube.png]
[plist.tweakdoor.com/img/pubg.png]
[plist.tweakdoor.com/img/fortnite.png]
[plist.tweakdoor.com/img/callofduty.png]
[plist.tweakdoor.com/img/freefire.png]
[plist.tweakdoor.com/img/lastdayonearth.jpg]
[plist.tweakdoor.com/img/picsart.png]
[i0.wp.com/www.iosappweekly.com/wp-content/uploads/2019/07/procreate-pocket-iphone-icona06c.jpg]
[plist.tweakdoor.com/img/luma.png]
[plist.tweakdoor.com/img/ppsspp.png]
[plist.tweakdoor.com/img/delta.png]
[plist.tweakdoor.com/img/gtasa.png]
[plist.tweakdoor.com/img/bully.png]
[plist.tweakdoor.com/img/car_parking.png]
[plist.tweakdoor.com/img/carxstreet.png]
[plist.tweakdoor.com/img/carxdrift2.png]
[plist.tweakdoor.com/img/amongus.jpg]
[plist.tweakdoor.com/img/8ball.png]
[plist.tweakdoor.com/img/clashofclans.png]
[plist.tweakdoor.com/img/clashroyal.png]
[plist.tweakdoor.com/img/mortal.png]
[plist.tweakdoor.com/img/subway.png]
[ajax.googleapis.com/ajax/libs/jquery/3.4.1/jquery.min.js]
[app.tweakdoor.com/x/framework7/js/framework7.bundle.min.js]
[app.tweakdoor.com/x/js/routes.js]
[app.tweakdoor.com/x/js/app.js]
[app.tweakdoor.com/x/js/page.js]
[app.tweakdoor.com/x/js/code.js]
[app.tweakdoor.com/index.html]
[ittza7aa.com/aseets/icon/vstweakdoor.html]
[ittza7aa.com/itms-services_/index6721.html]
[api.nekoo.ru/view/lKkYLRVu.html]
[api.nekoo.ru/view/UbYwaBbE.html]
[api.nekoo.ru/view/hVGaBaOz.html]
[api.nekoo.ru/view/bVkWmnfk.html]
[api.nekoo.ru/view/BjsRGcVD.html]
[api.nekoo.ru/view/NsJpGOdb.html]
[api.nekoo.ru/view/tPahMiHm.html]
[api.nekoo.ru/view/qOQjozZY.html]
[api.nekoo.ru/view/TqcqEonq.html]
[api.nekoo.ru/view/tMOPNyFf.html]
[api.nekoo.ru/view/GOhJzqlG.html]
[api.nekoo.ru/view/OCdyWtvc.html]
[api.nekoo.ru/view/ouuPDTaR.html]
[api.nekoo.ru/view/uIyAHjsG.html]
[api.nekoo.ru/view/clxXnbFt.html]
[api.nekoo.ru/view/rngIkcpl.html]
[api.nekoo.ru/view/CxuogKBa.html]
[api.nekoo.ru/view/sLsuaYTl.html]
[api.nekoo.ru/view/oXsubkRd.html]
[api.nekoo.ru/view/UUXxjbZv.html]
[api.nekoo.ru/view/lyqxDpdM.html]
[api.nekoo.ru/view/cvjHCWGU.html]
[api.nekoo.ru/view/citGHYJD.html]
[api.nekoo.ru/view/EQWbiXZD.html]
[api.nekoo.ru/view/PAPKncdL.html]
[api.nekoo.ru/view/RTDmmMYV.html]
[api.nekoo.ru/view/SekhrOYj.html]
[api.nekoo.ru/view/fBDpRBDT.html]
[api.nekoo.ru/view/JGoxvBKR.html]
[api.nekoo.ru/view/tDqjWGtF.html]
[ittza7aa.com/itms-services_/index7734.html]
[ittza7aa.com/itms-services_/index629b.html]
[ittza7aa.com/itms-services_/index1c08.html]
[ittza7aa.com/itms-services_/indexb01f.html]
[ittza7aa.com/itms-services_/indexda67.html]
[ittza7aa.com/itms-services_/index6c46.html]
[ittza7aa.com/itms-services_/index2de8.html]
[ittza7aa.com/itms-services_/index74cd.html]
[telegram.org/img/apple-touch-icon.png]
[telegram.org/img/favicon-32x32.png]
[telegram.org/img/favicon-16x16.png]
[telegram.org/css/font-robotoc4ca.css]
[telegram.org/css/bootstrap.mineccb.css]
[telegram.org/css/telegram0116.css]
[cdn4.telegram-cdn.org/file/oeLoBzjy8YTFO3OSfFYKCkKZQ8FLWhd-vSFBLEiixH-R3wpajptN-HoNIkoatnzvfD8GM_yphFTNwVKysRSaJNXJsdEcAU9hZYuLfaypnb1sEPEXQesorzzjHiv9bbD_DdCYU9Rw9xY4rKcxZkXgHtx26TwoBeZkgqbotJUJuOBZtm-qRzlSDgZKD7U9]
[t.me/s/ittzA7aa.html]
[t.me/ittzA7aa.html]
[telegram.org/js/tgwallpaper.mineccb.js]
[up-ipa.xyz/share/fygGKkzHoVTNMXYw/direct.html]
[ittza7aa.com/client.crisp.chat/l.html]
[ittza7aa.com/cdn-cgi/challenge-platform/h/b/scripts/alpha/invisible56155615.html]
[up-ipa.xyz/share/fygGKkzHoVTNMXYw/system/1904c402-c72d-4104-ae0e-552b8d6b2da090b7.html]
[ittza7aa.com/{{/index.html]
[ittza7aa.com/Edge/index.html]
[ittza7aa.com/{/index.html]
[ittza7aa.com/index-2.html]
[ittza7aa.com/js/framework7.bundle.min.js]
[ittza7aa.com/js/app.js]
[ittza7aa.com/Gecko/index.html]
[ittza7aa.com/js/link.html]
[ittza7aa.com/Get.html]
[ittza7aa.com/plists/addme.html]
[ittza7aa.com/GET-2.html]
[cdnjs.cloudflare.com/ajax/libs/animate.css/3.5.2/animate.min.css]
[app.tweakdoor.com/x/framework7/css/framework7.bundle.min.css]
[ittza7aa.com/Firefox/index.html]
[ittza7aa.com/Version/index.html]
[ittza7aa.com/version/index-2.html]
[app.tweakdoor.com/x/fonts/MaterialIcons-Regular.eot]
[app.tweakdoor.com/x/fonts/MaterialIcons-Regular.woff2]
[app.tweakdoor.com/x/fonts/MaterialIcons-Regular.woff]
[app.tweakdoor.com/x/fonts/MaterialIcons-Regular.ttf]
[app.tweakdoor.com/x/fonts/Framework7Icons-Regular.eot]
[app.tweakdoor.com/x/fonts/Framework7Icons-Regular.woff2]
[app.tweakdoor.com/x/fonts/Framework7Icons-Regular.woff]
[app.tweakdoor.com/x/fonts/Framework7Icons-Regular.ttf]
[app.tweakdoor.com/x/css/icons.css]
[app.tweakdoor.com/x/css/app.css]
[app.tweakdoor.com/x/css/style.css]
[app.tweakdoor.com/appleid.html]
[app.tweakdoor.com/server.html]
[app.tweakdoor.com/shadowrocket.html]
[app.tweakdoor.com/videostarhack.html]
[app.tweakdoor.com/videostarpro.html]
[app.tweakdoor.com/ipogo.html]
[app.tweakdoor.com/spooferpro.html]
[app.tweakdoor.com/amongus.html]
[app.tweakdoor.com/minecraft.html]
[app.tweakdoor.com/unc0ver.html]
[app.tweakdoor.com/xinajailbreak.html]
[app.tweakdoor.com/taurine.html]
[app.tweakdoor.com/odyssey.html]
[app.tweakdoor.com/blacklist2.html]
[app.tweakdoor.com/trollstore.html]
[app.tweakdoor.com/spotify.html]
[app.tweakdoor.com/snapchat.html]
[app.tweakdoor.com/instagram.html]
[app.tweakdoor.com/tiktok.html]
[app.tweakdoor.com/youtube.html]
[app.tweakdoor.com/pubg.html]
[app.tweakdoor.com/fortnite.html]
[app.tweakdoor.com/callofduty.html]
[app.tweakdoor.com/freefire.html]
[app.tweakdoor.com/lastdayonearth.html]
[app.tweakdoor.com/picsart.html]
[app.tweakdoor.com/procreate.html]
[app.tweakdoor.com/lumafusion.html]
[app.tweakdoor.com/ppsspp.html]
[app.tweakdoor.com/delta.html]
[app.tweakdoor.com/zinitevi.html]
[app.tweakdoor.com/gtasan.html]
[app.tweakdoor.com/bully.html]
[app.tweakdoor.com/carparking.html]
[app.tweakdoor.com/carxstreet.html]
[app.tweakdoor.com/carxdrift.html]
[app.tweakdoor.com/8ball.html]
[app.tweakdoor.com/clashofclans.html]
[app.tweakdoor.com/clashroyal.html]
[app.tweakdoor.com/mortalcombat.html]
[app.tweakdoor.com/subwaysurfers.html]
[app.tweakdoor.com/theming.html]
[app.tweakdoor.com/client.crisp.chat/l.html]
[app.tweakdoor.com/cdn-cgi/challenge-platform/h/b/scripts/alpha/invisible56155615.html]
[telegram.org/css/font-robotoc4ca.css]
[telegram.org/css/bootstrap.mineccb.css]
[telegram.org/img/dropdown_1x.png]
[telegram.org/img/bulleteccb.png]
[telegram.org/img/link-icon.png]
[telegram.org/img/breadcrumb_divider_1x.png]
[telegram.org/img/back_to_top_1x.png]
[telegram.org/img/SiteAward.gif]
[telegram.org/img/SiteTDesktop.jpg]
[telegram.org/img/SiteiOSc81e.jpg]
[telegram.org/img/SiteAndroidc81e.jpg]
[telegram.org/img/tl_arrow.png]
[telegram.org/img/SiteDesktopc81e.jpg]
[telegram.org/img/twitter.png]
[telegram.org/img/tl_card_fast.gif]
[telegram.org/img/tl_card_powerful.gif]
[telegram.org/img/tl_card_free.gif]
[telegram.org/img/tl_card_secure.gif]
[telegram.org/img/tl_card_cloud.gif]
[telegram.org/img/tl_card_private.gif]
[telegram.org/img/tl_card_decentralized.gif]
[telegram.org/img/tl_card_open.gif]
[telegram.org/img/tl_card_wecandoit.gif]
[telegram.org/img/tl_card_connect.gif]
[telegram.org/img/tl_card_coordinate.gif]
[telegram.org/img/tl_card_synchronize.gif]
[telegram.org/img/tl_card_build.gif]
[telegram.org/img/tl_card_encrypt.gif]
[telegram.org/img/tl_card_send.gif]
[telegram.org/img/tl_card_process.gif]
[telegram.org/img/tl_card_destruct.gif]
[telegram.org/img/tl_card_store.gif]
[telegram.org/img/team-sprite.png]
[telegram.org/img/rc_iconsc4ca.png]
[telegram.org/img/iPhone6.png]
[telegram.org/img/tgme/Arrow_1x.png]
[telegram.org/img/blog/BlogLogo1xc4ca.png]
[telegram.org/img/td_laptop.png]
[telegram.org/img/td_icons.png]
[osx.telegram.org/updates/site/artboard.png]
[telegram.org/img/tdirectc4ca.jpg]
[telegram.org/img/dropdown.png]
[telegram.org/img/twitter_2x.png]
[telegram.org/img/breadcrumb_divider.png]
[telegram.org/img/back_to_top.png]
[telegram.org/img/SiteAward_2x.gif]
[telegram.org/img/tl_arrow_2x.png]
[telegram.org/img/SiteDesktop_2xc81e.jpg]
[telegram.org/img/SiteAndroid_2xc81e.jpg]
[telegram.org/img/SiteiOS_2xc81e.jpg]
[telegram.org/img/SiteTDesktop_2xc4ca.jpg]
[telegram.org/img/bullet_2xeccb.png]
[telegram.org/img/tgme/Arrow_2x.png]
[telegram.org/img/tgme/web_icon_2x.png]
[telegram.org/img/tgme/embed_copy_2x.png]
[telegram.org/img/blog/BlogLogo2xc4ca.png]
[telegram.org/img/rc_icons_2xc4ca.png]
[osx.telegram.org/updates/site/artboard_2x.png]
[telegram.org/img/tdirect_2xc4ca.jpg]
[telegram.org/img/blog/BlogLogo3x.png]
[telegram.org/css/telegram0116.css]
[t.me/s/ittzA7aa9a6e.html]
[t.me/s/ittzA7aad74b.html]
[telegram.org/css/widget-frame3295.css]
[telegram.org/css/telegram-weba5bf.css]
[telegram.org/img/emoji/40/F09FA48D.png]
[t.me/index.html]
[telegram.org/img/emoji/40/F09F8C9F.png]
[cdn4.telegram-cdn.org/file/aPQo1P4XKTWuAOwKNMTKpLb4diLb_JWbp8N3IklsP__4V65S2ARdsBCFWCStpp59jakXDiTM697uuRWUZNT4cOhxmXA--OnPgKSa7wp9fhT-BK5Y35ygwrGe5JKZnTIgH8htqTayWtLDqb_USZKNOAR0zckkPXpyzduYhirFE8FYRDvqVzxYOXbWTtY2]
[t.me/ittzA7aa/5753dd5c.html]
[cdn4.telegram-cdn.org/file/pmXE7pPt5eodKVQ6y8EjbDxjxl5mZWJKZpZ9bL7MnLv2J98ogc9KbbLUdCHU7pY1nqgqdYEo_RU03QrpSMKh1crOXM2KdMkEbkH05szIltuIUEvFyQNE951iLNNJQVCrI_4zxDhaR9smOZ42oSqZF-gtz77oH4z_H08axZMSDmHoN4zlclKIPyr_wrTV]
[t.me/ittzA7aa/5754dd5c.html]
[cdn4.telegram-cdn.org/file/A2tlMcaADm7Yw6AtCxHo5OvKwelt9QljTFdec2gGctKIHwFl4qTYOd68bxkDjsoWcaEH6tbP5Y61mWDNpzoIU0HcGYTrXCirCQcmh-zDAoH8E0emQnywu3qK5d29W-mQVXHzYDVtxH-RoCbe3dZE52jV5Q69HucfrfYVCQYgjP3iAbgwlnS6NG8GuAS3]
[t.me/ittzA7aa/5755dd5c.html]
[cdn4.telegram-cdn.org/file/J-7NzSzkxgnPzlVbZKLhXKixwLsqUJ86OXz3RMZY8oZEb7I_h1Jyelz1xNhUOQ8mjTNcbPd0MhZ6nINyqaE2phHZ3UGI3JMnepimF7a8ozxD0Bx0KqoRPor10Ke_G2JRkC-H_dIO-DJIrfKhJhsibhKNdcPgNxqqY3hVOetqB6vckZ8O_beYtc4VrAse]
[t.me/ittzA7aa/5756dd5c.html]
[cdn4.telegram-cdn.org/file/MQnY1_3VBdiUBVOO7p75lU5SeUCFKsx0JhR_GQcv8_V3ugvh4MRQD5YohH0WT1uuQ_ijrbsWJBmbLkpN_Kw1suN96VtPUcDDnuxFqSr4Ltjcr2hYii0j4jhZ2AXgMpo8WJaQgXVhlRGD4e7sCEiuVMFPYRowq1kQgdvx6ClTGOnKy-e0E8rfen_jamOe]
[t.me/ittzA7aa/5757dd5c.html]
[cdn4.telegram-cdn.org/file/lIQ6T281bvCq2lDndW672fUlvi9Ej89deeUe8MPrv87YvqhHxvGCt1jCs0VFO_T8uItNN_49qLzDPS7DosX6a_dUwF-ux_UuyTKpD96uaFPOZp8V4s57Eh_rx0ZPtc9Gz9rJFuln8QKFZIEh1YU6h-bE9Pr7Ut81a8bC8yea_ovHxzlF4PXAi4wgepaO]
[t.me/ittzA7aa/5758dd5c.html]
[t.me/ittzA7aa/5759dd5c.html]
[t.me/ittzA7aa/5760dd5c.html]
[t.me/ittzA7aa/5761dd5c.html]
[t.me/ittzA7aa/5762dd5c.html]
[telegram.org/img/emoji/40/F09F929E.142.delayed]
[cdn4.telegram-cdn.org/file/m2KNDa3K4Kv3640BFSoMtGaOIZzzN2dSGZ8hi6tPaZYiI2c7b9yaHl5ZwfxbCK_lV3Z7tX0sdY672N7TuFMpYgKoJnbPwYY5pe-giS9HMvteCUFXzZoe6PxoU7SbRGmKdv1YClZrVj74-Mt1JFEC4bXAY6I8TIxqDMyg0ihB-Ff0nyXohY_1v9-eyhjv]
[cdn4.telegram-cdn.org/file/XQQkIBUDMB-4QRi2qr0eQeRmpY2zb20RMlMXCCeEZBrhCwpGJXGV-Rxl2LW4VjPTdaGe1PgAUPcSdvCN43N9I4SB69bdNNeYrVrqrzEvQg9mucGRoHVR7Lhd_4iW6J6nXFK3M_VWfeSyKKkzb0Nk5O4FE8Y3K8JL2EuAiAjwiNvD-_bcAvlK8TfwGL0e]
[telegram.org/img/emoji/40/F09F8DAC.png]
[cdn4.telegram-cdn.org/file/Mxp-_wTDOYKvLYKRh5-fg0hhg1l8haw3VMyK6rWyr51YXoeeBvWOeWwVvYEI3rAH7OV-ChACJSHpmW5Zt7OcAYU-aQczYCUKG60v7ZG1UhXr-HOHxuxjZXb6SkIyFlCJ5vzD9yQvkbQ9zfya3qLvkUq4k1cH-f_2CMwTMnIm_YhV9eAy6xN7T_NzDHyk]
[cdn4.telegram-cdn.org/file/W7RHxQgcK9jxXbtIIdLT9Om-6dfscp8s8Ed8iVHKQUPBdkDdB0F_OaznzinS28FBfo-DPltvzUEBiL09VS0ciTEBcOPnjljQI8HbUq5dYqJSDyCWYrAnKoK17_jqZAumDyNqN_OeJaB9KiPF_g97-f9rEwmRTo455_w3xhBh_V-77oLqYKGM41p1xBoo]
[telegram.org/img/emoji/40/F09F869A.png]
[telegram.org/img/emoji/40/F09F929F.png]
[t.me/ittzA7aa/5753.html]
[t.me/ittzA7aa/5763dd5c.html]
[t.me/ittzA7aa/5764dd5c.html]
[t.me/ittzA7aa/5765dd5c.html]
[t.me/ittzA7aa/5766dd5c.html]
[t.me/ittzA7aa/5767dd5c.html]
[t.me/ittzA7aa/5768dd5c.html]
[t.me/ittzA7aa/5769dd5c.html]
[t.me/ittzA7aa/5770dd5c.html]
[t.me/ittzA7aa/5771dd5c.html]
[t.me/ittzA7aa/5772dd5c.html]
[telegram.org/img/emoji/40/F09F96A4.png]
[telegram.org/img/emoji/40/F09F94A5.png]
[t.me/ittzA7aa/5763.html]
[telegram.org/js/tgstickerc16a.js]
[telegram.org/js/telegram-webaab3.js]
[t.me/s/ittzA7aa.html]
[telegram.org/js/jquery.min.js]
[telegram.org/js/widget-frame44f6.js]
[telegram.org/js/jquery-ui.min.js]
[up-ipa.xyz/css/app90b7.css]
[up-ipa.xyz/css/tailwind90b7.css]
[up-ipa.xyz/system/bfcdd00d-9de9-4478-a5fc-cd1d40925d10.png]
[up-ipa.xyz/system/ff4741aa-f05b-4b78-9f5f-1e0e1077c09b.png]
[up-ipa.xyz/system/1904c402-c72d-4104-ae0e-552b8d6b2da090b7.png]
[up-ipa.xyz/share/fygGKkzHoVTNMXYw/system/1904c402-c72d-4104-ae0e-552b8d6b2da090b7.html]
[ittza7aa.com/{/index.html]
[ittza7aa.com/{{/index.html]
[ittza7aa.com/Edge/index.html]
[ittza7aa.com/Gecko/index.html]
[ittza7aa.com/Firefox/index.html]
[ittza7aa.com/Version/index.html]
[ittza7aa.com/version/index-2.html]
[ittza7aa.com/index-2.html]
[app.tweakdoor.com/i.imgur.com/avB6Liv.html]
[up-ipa.xyz/js/main90b7.js]
[t.me/s/ittzA7aab3a6.html]
[t.me/s/ittzA7aa40db.html]
[t.me/s/ittzA7aa378e.html]
[t.me/ittzA7aa/5731dd5c.html]
[t.me/ittzA7aa/5732dd5c.html]
[t.me/ittzA7aa/5733dd5c.html]
[t.me/ittzA7aa/5734dd5c.html]
[cdn4.telegram-cdn.org/file/RLpRbSgcBFd04EbYSA06zlJO5a8vyfaSWf1KmrTWXAzJY43GMKAnfAKHMHcMhbf_G0hLszzzubm-dlcaVnB4pWRflErJNeW0xe9Sv3lFavzDRnZqNCQfw9rW328TuTdUhFCPNcp_ngbf-9ha4Z1461a06sdKCzDGkvD1wJ4qkKNwpgCxHvx9KXaNB1cg]
[t.me/ittzA7aa/5731.html]
[t.me/ittzA7aa/5735dd5c.html]
[t.me/ittzA7aa/5736dd5c.html]
[t.me/ittzA7aa/5737dd5c.html]
[t.me/ittzA7aa/5738dd5c.html]
[t.me/ittzA7aa/5739dd5c.html]
[cdn4.telegram-cdn.org/file/qEgo8pWXvGdA3HOcRmdkJ7qjTJOZnojGbuKUSWXS8LCzwc84npLPJpZFJdnMIYmt5eZBiH9Zht2xLrvQaMvQAqPoz0Vs0L4jy95OGsVGB8lnGoesC3Chyt4U_wW8tTp-MPImFG1r8_A3f22s4CMhTzpLlXMMOlyiez8dafmwuJvXCb7WVska54WhNp7i]
[t.me/ittzA7aa/5740dd5c.html]
[t.me/ittzA7aa/5741dd5c.html]
[t.me/ittzA7aa/5742dd5c.html]
[t.me/ittzA7aa/5743dd5c.html]
[t.me/ittzA7aa/5735.html]
[t.me/ittzA7aa/5744dd5c.html]
[t.me/ittzA7aa/5745dd5c.html]
[t.me/ittzA7aa/5746dd5c.html]
[cdn4.telegram-cdn.org/file/dAQE4fvEFVCjtKTApFAH434XAD_XU8l44Y_mcHYXexA00zJw0QF3BPS9lOyoTCkjiKpxiqcdDTPeNtbZysBAN1DcBX6PYUD9YQvZF73WvNXy9I3ove4x2J5DvM-9BzD0W6GbTU6xXpvuJsX-hcc_SdBDMRJu8UzSBW0RjbHIRdMcK9Qrn9hq9LLhX4tK]
[t.me/ittzA7aa/5747dd5c.html]
[t.me/ittzA7aa/5748dd5c.html]
[t.me/ittzA7aa/5749dd5c.html]
[t.me/ittzA7aa/5750dd5c.html]
[t.me/ittzA7aa/5751dd5c.html]
[cdn4.telegram-cdn.org/file/P89XDqCVHr_RJfgpSd4g5chgQ4aPfkG-LsgQFwf8t4WeeMTlV6TqyZsUoYwghWxKxvfKQaGqgNODkDndAFMYXmYtsa8qHc12a6rUlvoU9r1BSgpmwDhI47Xy1Yr8DOmaIUuWXF_0ib3j22u_dM1wIpbow2EvOKjVJODBjApJy2wLUO9x7ehwHqBTTK5U]
[telegram.org/img/emoji/40/F09F9298.png]
[cdn4.telegram-cdn.org/file/osisZPRnafCWSgPhVz7TZlbMegjWizZswSoehO1BJEKEZ7iGPrdHOoGjoB7HUvuVW2sTq-8c60dkSWjRH6nkjDuMB8TvH0ifA3E-W_SqN85EljtZBemTYa0ntV6oUp_ZFlKpRMXAoPEcSHqUk4VHSjdQnycVD-IvaNX0BAzP0Z1FJy4N73HepxBEIw2y]
[cdn4.telegram-cdn.org/file/guLA3BdVbRLuLecKPgzPJPr48k3zsIPX-IS1JiYKUfy_BVsMKe1JTE60X4-fHY_4bAcPWWY_FFhSPMVnJQAWw0Lsikgnxo94sFxANVXX66_zoFSZrcHQ625iFeIGZeWcCZradagqbDSdJZwduxxrCoyimZ9dF-AkqmmJqIH5bhAr12O_g1Z0eT0kGXt4]
[telegram.org/img/emoji/40/F09F928D.png]
[cdn4.telegram-cdn.org/file/toyCAvGqkYRCzAvtSDTErsTJITbPXuTwos6sW0ofzB7ix7RrXe9yLxNzTq7XnNIEB1SUsibYHS-VpWQLy-IgN8HnZKsDkSEq48sCh1tFNwTALNVQjbtCQ6Hb-0HLrUFkm6ACrACC6H8MpNS2WNrC44hpQUF5QDsD9eXiy0c4WhDT1Y1p7e4ZycF157BJ]
[telegram.org/img/emoji/40/F09FA68B.png]
[cdn4.telegram-cdn.org/file/QWV1GoSEGKtqO4u48csw57uN7u9Qz_jRz8S-V7UYXlz2-jFQaNf7aoEl0Baz0VAMhELeLGukoaWs61r9BA0VqPKAKjgkRk3gP2WXMv5mOJy6L_zJ-_6cNLF3ly-uIl6DfZchTOcBzvSyqjpaW3t_P6Fbph43j4r5fjOxhnQpR-CNDQM0gyHZNMOD5qTo]
[t.me/ittzA7aa/5744.html]
[t.me/s/ittzA7aa9a6e.html]
[t.me/s/ittzA7aa6401.html]
[t.me/s/ittzA7aaec81.html]
[t.me/s/ittzA7aad74b.html]
[telegram.org/img/WidgetButton_LogoSmall.png]
[telegram.org/img/WidgetButton_LogoLarge.png]
[telegram.org/img/WidgetButton_LogoSmall_2x.png]
[telegram.org/img/WidgetButton_LogoLarge_2x.png]
[telegram.org/css/widget-frame3295.css]
[telegram.org/css/telegram-weba5bf.css]
[t.me/index.html]
[telegram.org/js/telegram-widgetb6d7.js]
[t.me/ittzA7aa/5753dd5c.html]
[t.me/s/ittzA7aa/5753.html]
[t.me/ittzA7aa/5754dd5c.html]
[t.me/s/ittzA7aa/5754.html]
[t.me/ittzA7aa/5755dd5c.html]
[t.me/s/ittzA7aa/5755.html]
[t.me/ittzA7aa/5756dd5c.html]
[t.me/s/ittzA7aa/5756.html]
[t.me/ittzA7aa/5757dd5c.html]
[t.me/s/ittzA7aa/5757.html]
[t.me/s/ittzA7aa/5758.html]
[t.me/ittzA7aa/5758dd5c.html]
[t.me/s/ittzA7aa/5759.html]
[t.me/ittzA7aa/5759dd5c.html]
[t.me/ittzA7aa/5760dd5c.html]
[t.me/s/ittzA7aa/5760.html]
[t.me/ittzA7aa/5761dd5c.html]
[t.me/s/ittzA7aa/5761.html]
[t.me/s/ittzA7aa/5762.html]
[t.me/ittzA7aa/5762dd5c.html]
[t.me/ittzA7aa/5753.html]
[t.me/s/ittzA7aa/5763.html]
[t.me/ittzA7aa/5763dd5c.html]
[t.me/s/ittzA7aa/5764.html]
[t.me/ittzA7aa/5764dd5c.html]
[t.me/s/ittzA7aa/5765.html]
[t.me/ittzA7aa/5765dd5c.html]
[t.me/s/ittzA7aa/5766.html]
[t.me/ittzA7aa/5766dd5c.html]
[t.me/s/ittzA7aa/5767.html]
[t.me/ittzA7aa/5767dd5c.html]
[t.me/s/ittzA7aa/5768.html]
[t.me/ittzA7aa/5768dd5c.html]
[t.me/s/ittzA7aa/5769.html]
[t.me/ittzA7aa/5769dd5c.html]
[t.me/s/ittzA7aa/5770.html]
[t.me/ittzA7aa/5770dd5c.html]
[t.me/s/ittzA7aa/5771.html]
[t.me/ittzA7aa/5771dd5c.html]
[t.me/s/ittzA7aa/5772.html]
[t.me/ittzA7aa/5772dd5c.html]
[t.me/ittzA7aa/5763.html]
[up-ipa.xyz/css/app90b7.css]
[up-ipa.xyz/css/tailwind90b7.css]
[t.me/s/ittzA7aaa0cb.html]
[t.me/s/ittzA7aa982e.html]
[t.me/s/ittzA7aaedcf.html]
[t.me/ittzA7aa/5707dd5c.html]
[t.me/ittzA7aa/5708dd5c.html]
[t.me/ittzA7aa/5709dd5c.html]
[t.me/ittzA7aa/5710dd5c.html]
[cdn4.telegram-cdn.org/file/llLITkZgWWnGu_Ehxxy2T_gnz6yHsqbMNDVJhwuuQhiufJ_H0SdgTsd1q8MtoGjVHzLgIvXX3DZi8cV94pgZGjyduXEIw6Fcgxua6Qf3SpjabOm478FPdnNsp8BBRJKTHBzWpMkkytm69UBaeTgs2r892ewq5P-z_YL9sTtaTPZ3aYrsCBO8-RCjNrOY]
[t.me/ittzA7aa/5711dd5c.html]
[t.me/ittzA7aa/5712dd5c.html]
[t.me/ittzA7aa/5713dd5c.html]
[t.me/ittzA7aa/5714dd5c.html]
[cdn4.telegram-cdn.org/file/hZspGwtXV7uGdakG-PxJe5IwYtkL7eMk6Z9kgzAfetFAaAyDLRCVfBsaLW3o5B5GgXjIqIuS07fogMnHEpD3qmPuRMl5ASmYXDsCpL8yKgc4GHf-fSMUJNadxzTI_EI33iwP057ft1GRe4IfJx-7dYYNX2adR5ms9nrU4114rlxSuzhKO0rBa-H3MEjl]
[t.me/ittzA7aa/5715dd5c.html]
[t.me/ittzA7aa/5716dd5c.html]
[telegram.org/img/emoji/40/F09F9982.png]
[cdn4.telegram-cdn.org/file/iiiuwyVoWthx-g4cjUAfK1dwQ5A-vmJKQnsYFy729FuhX7yKnKYB9khbtXrGGCjlc29f0xrMIaDFAeHGAB55wyGjwf52ud9DQR37YKUoCr_0Bl3s7sJUu7xJL2io0JYWypJVYIHD4sZoj4OtcOt0ObhL88BBME0_VfJr64uuD4jdyGD6NwhKjl3abO55]
[cdn4.telegram-cdn.org/file/Lfd5EH9-VVYKuqG_8mgbjWq3946UmTfYS3x1e6x0JuEdnQZL2AzKrWy4KlLDpvfEesipYMYbsOERqTL_Mo-pA4DV82x5Ut20JGxax7JZXNUc2g9t5_P_LHz9KyApMQONN4L0m6I0iwgXyKb88C-KsEBVAryPCn4mJ-StwCw8m3BW3HTVsGNOU-E3CdHV]
[cdn4.telegram-cdn.org/file/R96WpeLZ4YPu8MKaQlvjHo6u8L7vNjjTF0OF1Brg6KMM1ZPxu8YAWlU7ZVDcnVS5bQ_h7aeCWGG4wozs3LU_kubW3j0s0QT4xeNruvquEbZE3c2zzPLJdNPRt7Wr58oS51r3_Nu4VQHb-BXPanViNC_BCti68j_eYzfwyyfWAMoF2R_66rvjP1P-Exld]
[telegram.org/img/emoji/40/F09FAB82.png]
[cdn4.telegram-cdn.org/file/R43McVAuzGnNOtFDeP6ukEHLswzNASMreN3f98q734l-mdCqBTT2Q05J6PA2zXMOadht2SWjBIbm8GYnnZ3cEDznESr5WDsPVU1LFivbn_dlsA6mbtt7MwtDtBwiaNpGKoZuTJjeieLPk6vWFE7DXZNSzvUOTK_2Q5hn7noWB6ao7smSdhHFmFzOJ94g]
[telegram.org/img/emoji/40/E29CA8.png]
[cdn4.telegram-cdn.org/file/ShW6Nh38kQLR3zQikTLcNmrAuRCWg6lnHu-K4kmX2IQkMbaHqe3_gkEzQdSlNZOj9zz31w-HC7hAJ3E4-m1fwKabbEpob0_NsFKt3_y4LjHdIWm68PYzt8bZMrCNQG7Mxk3XreeHkx_G_1a1Xxu8HF1DrVfV5JAXAp4B6a_gmA5W_7_xlQvb3_8U0x2l]
[cdn4.telegram-cdn.org/file/twoi3x03jEB9jIFu75UBdFp93ZxbwQXKzKIb4uM33YrBBv-ks5o252EV8pTwJVeU5PqG-gYDd2hzbtQEKf5TZHJU0uh4AaW_cpGCxn93ppxh957fzpzX_-6VH9GZQiJzK5PKd7EKn0HF_LRN7tRtphbtBjNCRg5_6xr8TlPGDdDpn3lIHzoDz-rrmH-C]
[t.me/ittzA7aa/5707.html]
[cdn4.telegram-cdn.org/file/ERZFY4WGYPWdyeZPCqHHLJnC_QQS4_IOi4BCXGEatkjJ7-ZAHsGlC8NIGL8iykl2MiQ7MDApXd3-hBpll7BCPfI7lj0pZAYXJcJSEZ9If2U2Gn8GA2jBtY322OTGP6pyjsBnBQdUgzniC0QyL_F_EdKrxGr-0_w52C0XfjFdx7NZGTqnyoOSMErdxMXL]
[t.me/ittzA7aa/5717dd5c.html]
[cdn4.telegram-cdn.org/file/D14vn1eKv9BUgA__Ul8MgTDysUu1WwVtt6nGr8ROR6LScShH1Ny2Q9nNeWUGqZIEN2YmULVE8v5MYEhBiru2N5bfGg5POhI5R4uCcCSLZ4OOduLdPL77YhvujIPbW2VuahJP0twPsLXUwEIupptnCJ2yymPkbR3dxbBcowyWGB2kyZZboLePEf8KM7f8]
[t.me/ittzA7aa/5718dd5c.html]
[t.me/ittzA7aa/5719dd5c.html]
[telegram.org/img/emoji/40/F09F91BE.png]
[cdn4.telegram-cdn.org/file/Du0KHQ35rHe6zwn3T4rAfPq_8x3hns9XCtQvYTTI4_jkIe44sEpjYS-bOqYAuS5b4oQKAZs88P4_PRg0C8k3d3l7j3FVnPc0xE-9uRb-MPTiMmRVN9iZlk0fnGt4V5jyBb92uD-qsj8AQK8OwlrExSM6qUDYxbzI5ZW7Yv-qnUPWDN3W019zUcXrPHk_]
[cdn4.telegram-cdn.org/file/IpBlvMFXy9CmYM2AWVQ11LnQ6ridTHW6Pn2_paiKPeUfSbAkWVExUfGlbC0nkJOckmGKZ_5vOMaz9huoHZJxLdPYI_AgHktvnfW4VAWUsdZBW5AwFBu2MQYTGqoj0SrUG8uFH3wb24M3IfSIKDn2Ymt82UigJmqVJgINrNSyyWyVFORBywFVnHvkAvJH]
[cdn4.telegram-cdn.org/file/bhGiNsgD5KTWhVSviOh_bSnk326qO_Xqc8kHXRkS0KoBXQTYZ6-sSupJFHMyAl5kWwPITF5ImI8uDxWnLKPv7cvFj_cAl7fOtLxw5Zzuh-M-zo_yQkVHBrcl2iPGYvNK2Xyf-aHfVRFmbR-GhsnRIUuW50U0KSd0MrC3nWW_QkSUXjhCRWS_KkmOXKVP]
[telegram.org/img/emoji/40/F09FA5B1.png]
[telegram.org/img/emoji/40/F09F9497.png]
[t.me/ittzA7aa/5717.html]
[t.me/ittzA7aa/5720.html]
[telegram.org/img/emoji/40/F09F939D.png]
[t.me/ittzA7aa/5721dd5c.html]
[t.me/ittzA7aa/5722dd5c.html]
[t.me/ittzA7aa/5723dd5c.html]
[t.me/ittzA7aa/5724dd5c.html]
[t.me/ittzA7aa/5725dd5c.html]
[cdn4.telegram-cdn.org/file/R6wqJwtE_jptoolVwGn5C1wLnfL2ryw_HiGrHeInJLBGKsbOlF3nPEWkA5FoK-Sm-R6HclRFHiRrMLCY8Z3LjreiRBGT7Z20OKDVjYKSQHhNnd0-p9Y5r3OHHc9qRSbesmqLabuYrCtKEuRhMgwnPTaw_3RoOyPP9vY9u59l8JoigJMP6Mune6wd4xwt]
[t.me/ittzA7aa/5726dd5c.html]
[t.me/ittzA7aa/5727dd5c.html]
[t.me/ittzA7aa/5728dd5c.html]
[t.me/ittzA7aa/5729dd5c.html]
[cdn4.telegram-cdn.org/file/DtRYdv09OFcUI7axiloL8kjMu9_jBu8HSOSQkWVI8NaX0r6AEVH3Vqrwlqo590rJuxEEOL20ott-tds0oSEE5g8scaURhLO1fv194Q4vWskAPqE5OgH0Ju4nmeYqPWhSQhMZOY_DJXg2rOUFiSF-G61DIGqY9ZgFcG0XMssg6ywXfugpKHM2zTvDc-O8]
[t.me/ittzA7aa/5730dd5c.html]
[t.me/ittzA7aa/5721.html]
[t.me/s/ittzA7aab3a6.html]
[t.me/s/ittzA7aa40db.html]
[cdn4.telegram-cdn.org/file/PRafL3UeaJpM7zqU7QDxWRJjt3pfduLHy10H818UsbQdmpZ7yophQ3f3EC8Yrzxhri_WFDoKLLPJb6X6AXIQc3XKM7vRaH2Tyoq9YeFi6hphGI6jhRP_pvGJrz4a1OBnOJliM2ec0VwDII9nAwByHpERHlloori2CqeVYYYDgUEn32ovuEZn0Ge24p8z]
[cdn4.telegram-cdn.org/file/pDrr1zt7q-BB98AsBYQK381qC6-6iLdw9WGw-RNM6n51spQpy4C5-LVTUTY5mT_0buhAiV53FgLyDDCfUlyGxrwtqn_WJt2X7DUM_q9U0NofSur8-4Ks5iWvXXVPuqMfGCBU6o05J65ByvKwzPXkzawjSP0g__ULjjWUUHyR4Wrgsz6Ou8XMswPlNDzh]
[cdn4.telegram-cdn.org/file/AWPtsm6IQCvrfpS091se-4xWgZ3_CV3enbj7FeAbgogMUkO-jey_9Fj-2ZQqi30QPmQacXnOB1U-n_sQmGTl2pee-cwfe7fVN62dWA_0jmmuWB4qZmykeWIMhrVNeSsfmldPOGyIqosyzHGCqNrGgNS6JEUuUQHw1dJGL6H3xUMCvWWnLcTfXO9uVs-8]
[cdn4.telegram-cdn.org/file/aPuje4UuV-ivL_vZyhIqlI_4q8gcnM7iTBBRo5ydojO7aSYzZdk881oDEVlyX-DFKRXkegxAwb98bftIJN0EmeZJz8cYRpD8szw7xzkXMTD932tAD52pgpe0fKCYg5IfFmoaLX7ooOW1msQPICqC1OpaWZ_y6JSitSgRBy8LoZozM2UT5SnauQYztPp7]
[cdn4.telegram-cdn.org/file/JT6dGHTosce14a3n7isJ4DoFxq-xpiivH9yDSamiikkKVZb4gMaGiXAPzkX-nmAprX22ZDSgWXGWc9C2vnml2zJ_bYfVMzuKFe0nMOBxDP7AebXcVN0R8Vho4NznkoJUV28CknbK9vzB4-H9hGEd-WUBpEq9R1jc2LDsBDpgVvUnQ0mhHzXAEhy8ED0a]
[cdn4.telegram-cdn.org/file/R2cmJtqq5U5HYTU_lYvgakopWosujxznip7d9HgJHygcPsDIewJkgv8ihDXGMEem2eKbL6V3FqvvsWy1oM5dT-CW6EC-kj9-CBIEIqLL1vZ2qQbtXupCcsTW1HPwlJa-H7ax56-6XqFuEfL0XM-9OyuL9BOnrGn1s9xsB8zvMnGrKWEQ6ldgBUhOt5gm]
[t.me/s/ittzA7aa8912.html]
[t.me/s/ittzA7aa378e.html]
[cdn4.telegram-cdn.org/file/bOzY-AsAv5Wzag4RubvEKbic1svcd9iIEMalvYAuo7wuvXJEBDZdplo86kJ9ZBwg2_ezPaXKpU8NKwc_8G_-4eGRMBcf5BX0pENOeZlWkikc4lMtsAsVENhN-Or-6VSI9Xu_kbt5qIW6iRHKV4UkBqdd4H-1TaaeOw-wTeqZywXKnZCo3Esgf64SWyzd]
[cdn4.telegram-cdn.org/file/jbpmXX_74ve9kenKrYU7hlYDSbHmw-s47rOQrI2B03XMSgGHnZ3HryXZVvufqn-6r_ZtiXMbHpKwjPBwXFVaOIJYXeO7U55miTIJoZq33FEFyU6aTK6ZxfEh614QKuZN5ZMR2U5zeqztsgoVeOoXG-69aAaMwXA6XUvoI2fE15lORVPqqbD_R11AbaWy]
[t.me/s/ittzA7aa/5731.html]
[t.me/ittzA7aa/5731dd5c.html]
[t.me/s/ittzA7aa/5732.html]
[t.me/ittzA7aa/5732dd5c.html]
[t.me/s/ittzA7aa/5733.html]
[t.me/ittzA7aa/5733dd5c.html]
[t.me/ittzA7aa/5734dd5c.html]
[t.me/ittzA7aa/5731.html]
[t.me/s/ittzA7aa/5734.html]
[t.me/ittzA7aa/5735dd5c.html]
[t.me/s/ittzA7aa/5735.html]
[t.me/ittzA7aa/5736dd5c.html]
[t.me/s/ittzA7aa/5736.html]
[t.me/ittzA7aa/5737dd5c.html]
[t.me/s/ittzA7aa/5737.html]
[t.me/ittzA7aa/5738dd5c.html]
[t.me/s/ittzA7aa/5738.html]
[t.me/ittzA7aa/5739dd5c.html]
[t.me/s/ittzA7aa/5739.html]
[t.me/ittzA7aa/5740dd5c.html]
[t.me/s/ittzA7aa/5740.html]
[t.me/s/ittzA7aa/5741.html]
[t.me/ittzA7aa/5741dd5c.html]
[t.me/ittzA7aa/5742dd5c.html]
[t.me/s/ittzA7aa/5742.html]
[t.me/ittzA7aa/5743dd5c.html]
[t.me/ittzA7aa/5735.html]
[t.me/s/ittzA7aa/5743.html]
[t.me/ittzA7aa/5744dd5c.html]
[t.me/s/ittzA7aa/5744.html]
[t.me/ittzA7aa/5745dd5c.html]
[t.me/s/ittzA7aa/5745.html]
[t.me/s/ittzA7aa/5746.html]
[t.me/ittzA7aa/5746dd5c.html]
[t.me/ittzA7aa/5747dd5c.html]
[t.me/s/ittzA7aa/5747.html]
[t.me/ittzA7aa/5748dd5c.html]
[t.me/s/ittzA7aa/5748.html]
[t.me/ittzA7aa/5749dd5c.html]
[t.me/s/ittzA7aa/5749.html]
[t.me/ittzA7aa/5750dd5c.html]
[t.me/s/ittzA7aa/5750.html]
[t.me/ittzA7aa/5751dd5c.html]
[t.me/s/ittzA7aa/5751.html]
[t.me/ittzA7aa/5744.html]
[t.me/s/ittzA7aacf76.html]
[t.me/s/ittzA7aab569.html]
[t.me/s/ittzA7aa6401.html]
[t.me/s/ittzA7aa0961.html]
[t.me/s/ittzA7aaec81.html]
[t.me/s/ittzA7aa/5753.html]
[t.me/s/ittzA7aa/5754.html]
[t.me/s/ittzA7aa60b7.html]
[t.me/s/ittzA7aa/5755.html]
[t.me/s/ittzA7aa/5756.html]
[t.me/s/ittzA7aa/5757.html]
[t.me/s/ittzA7aa/5758.html]
[t.me/s/ittzA7aa/5759.html]
[t.me/s/ittzA7aa/5760.html]
[t.me/s/ittzA7aa/5761.html]
[t.me/s/ittzA7aa/5762.html]
[t.me/s/ittzA7aa/5763.html]
[t.me/s/ittzA7aa/5764.html]
[t.me/s/ittzA7aa/5765.html]
[t.me/s/ittzA7aa/5766.html]
[t.me/s/ittzA7aa/5767.html]
[t.me/s/ittzA7aa/5768.html]
[t.me/s/ittzA7aa/5769.html]
[t.me/s/ittzA7aa/5770.html]
[t.me/s/ittzA7aa/5771.html]
[t.me/s/ittzA7aa/5772.html]
[t.me/s/ittzA7aa1a8e.html]
[t.me/s/ittzA7aa1497.html]
[t.me/s/ittzA7aaa4cb.html]
[t.me/ittzA7aa/5682dd5c.html]
[t.me/ittzA7aa/5683dd5c.html]
[t.me/ittzA7aa/5684dd5c.html]
[t.me/ittzA7aa/5685dd5c.html]
[t.me/ittzA7aa/5686dd5c.html]
[t.me/ittzA7aa/5687dd5c.html]
[t.me/ittzA7aa/5688dd5c.html]
[t.me/ittzA7aa/5689dd5c.html]
[t.me/ittzA7aa/5690dd5c.html]
[t.me/ittzA7aa/5691dd5c.html]
[telegram.org/img/emoji/40/E29DA4E2808DF09F94A5.png]
[telegram.org/img/emoji/40/E29891.png]
[t.me/ittzA7aa/5682.html]
[t.me/ittzA7aa/5692.html]
[t.me/ittzA7aa/5693dd5c.html]
[t.me/ittzA7aa/5694dd5c.html]
[telegram.org/img/emoji/40/F09F988D.png]
[telegram.org/img/emoji/40/F09FA5B2.png]
[cdn4.telegram-cdn.org/file/au3_SS-O7c4Y1FK37so7ADUwLDTJJ4EtOBb_AMbT7xLBbJCAYU6bK8Rj8b1eQTHlvOu8XLtkDrCMuaU4-jMaQguuxYHJNEewinhKQ6lQYNnqjxfu2wcNGfRJUK7_9o7Ju_4o1x91OCjIVcC2kPvUkOLH667j8UXJgxe_vDdbRgwG14LSPMJsCAZIeVNS]
[telegram.org/img/emoji/40/F09F9187F09F8FBB.png]
[telegram.org/img/emoji/40/F09F8D82.png]
[t.me/s/ittzA7aa9483.html]
[t.me/ittzA7aa/5693.html]
[t.me/ittzA7aa/5695dd5c.html]
[t.me/ittzA7aa/5696dd5c.html]
[t.me/ittzA7aa/5697dd5c.html]
[t.me/s/ittzA7aa15f7.html]
[cdn4.telegram-cdn.org/file/tLcoZW5jOMowtsF1AFGGmvvI64DKNIgrWHveDn5IQxagM1roseRx4sf1NYSb7Ss_uAmEYB5WmciyoLUzfXonIdWZ5kpJdO9mstzV_2fhChPXd4MaUVVjx4FI9tGHGV4UNt87p0ajygkqSMX14LNtwtEVCbEvGaTWRmoZ937q1pPdO0w4705WACR63SGe]
[cdn4.telegram-cdn.org/file/iqvG6JGxow1RBft1IGCWcVswv-VJ3at1235FU7lUcjNwlcNPvQYZDQ1n8K0ZTeB6I618Hppi1OfjBjUDBNWnpgdVDMvdIBhQjmtmMEB-KcEZ1mOXHLi2NPgy0y7-k7iBHKgM63Y8QaWpPmlwtI0y7URcmzJisH7xsPly4zZ6LebRdELr0GXiB4W-C0_o]
[t.me/ittzA7aa/5695.html]
[t.me/ittzA7aa/5698dd5c.html]
[t.me/ittzA7aa/5699dd5c.html]
[t.me/ittzA7aa/5700dd5c.html]
[t.me/ittzA7aa/5701dd5c.html]
[cdn4.telegram-cdn.org/file/P6rybGZOixtyQS-Nu1CFsicTqHdDCelDJCtrx8-WUqwExcq7YkvnLzTOy2K1YiPXT-mJpRyKNPgZoVEV0429CNplpUI2Q1GxypvzF9a3Fb9ZoSLlnsd7_Aq4WBLDyHd29ceaM3hz73mVvF-ggxgSPk02Kuai6oQSINLrzpFk2Zlxa_8a-ARM5E2vH8p_]
[t.me/ittzA7aa/5698.html]
[t.me/ittzA7aa/5702dd5c.html]
[t.me/ittzA7aa/5703dd5c.html]
[t.me/ittzA7aa/5704dd5c.html]
[t.me/ittzA7aa/5705dd5c.html]
[cdn4.telegram-cdn.org/file/BW3R8X71xJqiuf0I1tCtuSI0VQqfj2mvBekzDb_5DNMIg5PgHG3183_36Mob5ZzAt1vz6hVbO6fE1z3C2st06W2eOfe6h0I0iEmQh2w5gw9_iVoC0ieKPoLbxFge30WZycsnhUPlEt_OIHB3FDQ3YJ1tquVzssuh1xSRTG3B_MAGyA0qCbYNZZtmWFoB]
[cdn4.telegram-cdn.org/file/dJMJebBw5pJKXVN2s8yX32tFpcuowPuXJLdQIY8bZylwhg1Ko9M53WvfOLJN1OEQNnlJPj2HiXD8Ehsue_ntD2xWFztJfz0vUbQQ2-YQO6n_O0VofatTIaEsI1uUwZRdu9r-H-C1VtrVQE8PF-y3lFZRr01VR81Bnyk2pmgBf57LIFA1N0TzoJJ-0JAQ]
[t.me/ittzA7aa/5706dd5c.html]
[t.me/ittzA7aa/5702.html]
[t.me/s/ittzA7aaa0cb.html]
[t.me/s/ittzA7aa982e.html]
[cdn4.telegram-cdn.org/file/kthEV3eYqlpL6eRjFjqAqtr9Cv1o-1ywcyFv72s0wYkSijsRvlwHWmcpAaHpWebcudFqsVAXk8Srn4DXERgkwAYRYKnoPYQjsU9-ZHok5kXUYKK5HmaypWLPT7Bo1ZEZWxOF6uD7acOKW4OloWq9rTgo6gLakYUrlJnvdQiERG3Osug6UtpdFk3z4n3l]
[cdn4.telegram-cdn.org/file/QoYWBKX9-P8iKJFskJmhd5x49z3MB_jV4QSiFB-SlP0MBIxDIeZl4XyY2E6vUjTieb2ULAI5Yy4iuYc5E8sdInyyiqfUSTY65CyXTY8RlcKgpFqwTLrDd9gNqpioidz3gjUuP83pXoijts8ByrXS-GezUUwHhdQFr_kgkuC6-AQPREF1jcfZACg9iZYQ]
[cdn4.telegram-cdn.org/file/AGaL3xT3oiD6cJCtwJwuNGpb_Cu8zGV2q97oAn0SgQMHeC8GY8z8BxdmvXz87OwdLfThBBJ5t0hT9oTqe8CQoeCmY9KAx_nBz1FlPgY9t2lbAcalmJy3HGnvUhriiY-rMce5UNt5or00s6C7c1daijWRM6g_oDsZP_w45Fag-1VCqwPcIaO2H-YRXi4g]
[t.me/s/ittzA7aa5c5d.html]
[t.me/s/ittzA7aaedcf.html]
[cdn4.telegram-cdn.org/file/aYQYI0yawplq96JA1gQj-bM-I13q3nhQ8hdwy61CCPrlSjfjD-e4JisPrH8BNMv6e46c4hxm0eZP4DTpdZrAfq61ahnesXuh9nhal_hg9MD20vABD5r3IkBtW7HIVnEd_H13HkguUFD4OPsTCehIGJIlb4f6MHFp9oltWeIk1XqQbyh-Zz6YYChVwh30]
[t.me/s/ittzA7aa/5707.html]
[t.me/ittzA7aa/5707dd5c.html]
[t.me/s/ittzA7aa/5708.html]
[t.me/ittzA7aa/5708dd5c.html]
[t.me/s/ittzA7aa/5709.html]
[t.me/ittzA7aa/5709dd5c.html]
[t.me/s/ittzA7aa/5710.html]
[t.me/ittzA7aa/5710dd5c.html]
[t.me/ittzA7aa/5711dd5c.html]
[t.me/s/ittzA7aa/5711.html]
[t.me/s/ittzA7aa/5712.html]
[t.me/ittzA7aa/5712dd5c.html]
[t.me/s/ittzA7aa/5713.html]
[t.me/ittzA7aa/5713dd5c.html]
[t.me/s/ittzA7aa/5714.html]
[t.me/ittzA7aa/5714dd5c.html]
[t.me/s/ittzA7aa/5715.html]
[t.me/ittzA7aa/5715dd5c.html]
[t.me/s/ittzA7aa/5716.html]
[t.me/ittzA7aa/5716dd5c.html]
[t.me/ittzA7aa/5707.html]
[t.me/s/ittzA7aa/5717.html]
[t.me/ittzA7aa/5717dd5c.html]
[t.me/s/ittzA7aa/5718.html]
[t.me/ittzA7aa/5718dd5c.html]
[t.me/s/ittzA7aa/5719.html]
[t.me/ittzA7aa/5719dd5c.html]
[t.me/ittzA7aa/5717.html]
[t.me/s/ittzA7aa/5720.html]
[t.me/ittzA7aa/5720.html]
[t.me/s/ittzA7aa/5721.html]
[t.me/ittzA7aa/5721dd5c.html]
[t.me/s/ittzA7aa/5722.html]
[t.me/ittzA7aa/5722dd5c.html]
[t.me/s/ittzA7aa/5723.html]
[t.me/ittzA7aa/5723dd5c.html]
[t.me/s/ittzA7aa/5724.html]
[t.me/ittzA7aa/5724dd5c.html]
[t.me/ittzA7aa/5725dd5c.html]
[t.me/s/ittzA7aa/5725.html]
[t.me/ittzA7aa/5726dd5c.html]
[t.me/s/ittzA7aa/5726.html]
[t.me/s/ittzA7aa/5727.html]
[t.me/ittzA7aa/5727dd5c.html]
[t.me/ittzA7aa/5728dd5c.html]
[t.me/s/ittzA7aa/5728.html]
[t.me/ittzA7aa/5729dd5c.html]
[t.me/s/ittzA7aa/5729.html]
[t.me/ittzA7aa/5730dd5c.html]
[t.me/s/ittzA7aa/5730.html]
[t.me/ittzA7aa/5721.html]
[t.me/s/ittzA7aab8e6.html]
[t.me/s/ittzA7aa4340.html]
[t.me/s/ittzA7aa8912.html]
[t.me/s/ittzA7aaa8af.html]
[t.me/s/ittzA7aa079e.html]
[t.me/s/ittzA7aa/5731.html]
[t.me/s/ittzA7aa/5732.html]
[t.me/s/ittzA7aa/5733.html]
[t.me/s/ittzA7aa/5734.html]
[t.me/s/ittzA7aa/5735.html]
[t.me/s/ittzA7aa/5736.html]
[t.me/s/ittzA7aa/5737.html]
[t.me/s/ittzA7aa/5738.html]
[t.me/s/ittzA7aa/5739.html]
[t.me/s/ittzA7aa/5740.html]
[t.me/s/ittzA7aa/5741.html]
[t.me/s/ittzA7aa5455.html]
[t.me/s/ittzA7aa/5742.html]
[t.me/s/ittzA7aa5977.html]
[t.me/s/ittzA7aa/5743.html]
[t.me/s/ittzA7aa/5744.html]
[t.me/s/ittzA7aa/5745.html]
[t.me/s/ittzA7aa/5746.html]
[t.me/s/ittzA7aa/5747.html]
[t.me/s/ittzA7aa/5748.html]
[t.me/s/ittzA7aa/5749.html]
[t.me/s/ittzA7aa/5750.html]
[t.me/s/ittzA7aa/5751.html]
[t.me/s/ittzA7aacf76.html]
[t.me/s/ittzA7aab569.html]
[t.me/s/ittzA7aa0961.html]
[t.me/s/ittzA7aa60b7.html]
[t.me/s/ittzA7aa9a85.html]
[t.me/s/ittzA7aa0342.html]
[t.me/s/ittzA7aaa1e1.html]
[t.me/ittzA7aa/5658dd5c.html]
[t.me/ittzA7aa/5659dd5c.html]
[t.me/ittzA7aa/5660dd5c.html]
[cdn4.telegram-cdn.org/file/PoxRs1xRDKK3VSH8j9Vkp1LV73_eHTGNiKbJNPIeYB9xBOvz42qH-PDW8Z4QvCmTiiAGPzujBDx8IAL3IR5QEjl8M4Um-5CiKUahUHwHv7LWLFP9jf_DQjwWX2JYZ273mpVx-1Fj7WLo7z5gGGzl9lAJJSeRKsKis-mZ_inUAwPGCSJryM1HwSDHcnU0]
[t.me/ittzA7aa/5661dd5c.html]
[t.me/ittzA7aa/5662dd5c.html]
[t.me/ittzA7aa/5663dd5c.html]
[t.me/ittzA7aa/5664dd5c.html]
[cdn4.telegram-cdn.org/file/XdW2w_X2HqIMgpMhNGJqZjZcnBAeByTqWUJsc8p-8PMfXeh1eViDDR3MRd2YS_X__zXR1GkJMlDcu6ZRACVrKFqxzvfwhv3jf_smleiBeEwS3rzLx97zp_PP9ZncwDJJdYcdBhUBdBUwBhKSFM9Gowik4Fpbg0mrDJuB5RuKGivFNfjgVXRjYu393exu]
[t.me/ittzA7aa/5665dd5c.html]
[t.me/ittzA7aa/5666dd5c.html]
[telegram.org/img/emoji/40/F09F93B8.png]
[cdn4.telegram-cdn.org/file/EFlaY0Cehvh7Pn9qYRbtNkBRH8mn7Vx2PYZOIttkMc8uFAs5rnijJQHC60iv0m_Me5RIXmf2kcMHTmzbEgKSMsWpbSBOmgaErc0jr0dfF0JI6Wi8W2TlbkEvcnSy1KhNXRc4rSwvFnl1RYjTEVgyk5RPrAj1TOn4HSYFZcaackfVVqyOJ4gsT7dJ_bAQ]
[cdn4.telegram-cdn.org/file/XoyGLX2hQkXISEwxSwC6uz95Gn2Q7lDOwLOesBLFKi_VtnhuVG3C9hr_lD8E6TiruDyf4PgHasArPbbqkCxHeXrJKgLTnMi4HwEMq2V7ykrMhb1vsrknF4XmAbzibKSHqTlgyLYNb26CXTQDxWNP-7N01q6ZnDqMspIPIwMTHkwSvzw6XuCCpcB8aCnj]
[cdn4.telegram-cdn.org/file/NvQXrExnJYVDDOYzFIZwYKdHcgSOByv1fiQkT9O9UXFL5oVPWegl6zr6_zm9JLq5J1VGUWXv_84JTwTg-OXkXY2F7J2BH1jUabxKCjijbb6r79ovh-pLJi0RPXmqdp5FWR3k6L_6BCW3cD0TKc7UjQwkZ4CBWJrtuCJ-Q3SN-TjNR3l5Kyl36YRQj1Jd]
[telegram.org/img/emoji/40/F09F9889.png]
[cdn4.telegram-cdn.org/file/QN1_PtPUtlAq4HaEBBOOnQqykVBy6W477EkDWbIoTPYOcJZnqkOu3QmpYWhdycHHbEA4W5rVsxWWcnnzBHDk8RmjNDOMk1ES6zTkZXRl2TKSJvFlO5Fz0bjy4TbuPt6GEVaxM7RxptjmHbRWhfGyP_pRK6wV7ad4An7-klh-8fVqOMGevYNijEz71wS2]
[cdn4.telegram-cdn.org/file/Lr8VFcW_ZtKlG6HDjq0jopgyxulEAl38uQtGFZNmBwEop2yMguyoDrKcPfnZMJVS1eyA209_i7q7aJMdEvLOXHez2cqlKAlJwF10q-QkM_gNwyWsc9krr8YL_-FlK_GDZWu41S9IxhcO3rj5K4rtX4RFzY_3N7Xp7PMTGEGnTJfZYnreXYDR69VhfjHO]
[cdn4.telegram-cdn.org/file/SyOFA5tLKicXfAMFugzpl_pfuhIS4j7yKvEUc765MjQXcpUXTxMGoFtWaukWzsvT9tkgZGlBqP4Imvp5aS3jt9ELp48Xs_IVt5kW9kQMn4p7J_19ht4Bzs5mGoVQ0p1j0x_2TbmHo4Bj8IFHOS7Dkmx9oJYtKEqAFr10mTjgo06siTdmsZIqRcKI2P3_]
[telegram.org/img/emoji/40/F09F9492.png]
[cdn4.telegram-cdn.org/file/oUT8AetcIY8t2zXQRJq3zdKsVDAcTdT67JQrHCUgyG6ychV3BGGrkWVMiNlD4ZSR2fZJ7RtPATE29_1wUNby95ejfWGH-Mz_xL1-1c3TsuD7Mdsrxi-QTsoftZReTpmCzfp3sl0CfxQq2gNehpYEuZIlGPAT2R25xQvxxMal6ER9vAJ5l7bfAsRtb-N-]
[t.me/ittzA7aa/5658.html]
[t.me/ittzA7aa/5667.html]
[t.me/ittzA7aa/5668.html]
[telegram.org/img/emoji/40/F09F93A5.png]
[cdn4.telegram-cdn.org/file/Pe9aOSXN9GQW4o3FJK8JyqglB-Ag6fAFFBaMEsUag73Y3s0OMQJie5eSmcQnZNLo4MK0xYh917F7Wvx7UeKaT-bnfsE0Z0Gb6x2nywojOV_HStRn8OrDbj_u2OPvQmQDq7yeYW46s1uQnpW0gqYtlFM7ke_qS55gZe4Tterjl1ZubRRq3o0C92fadJT8]
[t.me/ittzA7aa/4893.html]
[telegram.org/img/emoji/40/E29AA0.png]
[t.me/ittzA7aa/5669.html]
[telegram.org/img/emoji/40/F09F9AAB.png]
[t.me/ittzA7aa/5670.html]
[telegram.org/img/emoji/40/F09F9880.png]
[telegram.org/img/emoji/40/F09F8E81.png]
[cdn4.telegram-cdn.org/file/NZW-6MTTgYIlM4Jw59qAsfSlZeUElPrgwGP9536DsU3co9zEEFlggR1KlZCVZoCV1A2ft7MZj36KdkPJJbkvvCMDXRqTzg1kFGsxoJ1Fh50PyIFXEsMxflol2U-51fZ6t8reJmFX7mF66NbcLFBCH8RvvpODM5LBTuNF8rHux5rfoVV6jYSVvLnn2RBd]
[telegram.org/img/emoji/40/F09F938A.png]
[telegram.org/img/emoji/40/F09F9B8D.png]
[telegram.org/img/emoji/40/F09F9883.png]
[t.me/ittzA7aa/5671.html]
[telegram.org/img/emoji/40/F09F9295.png]
[t.me/ittzA7aa/5672dd5c.html]
[cdn4.telegram-cdn.org/file/nD-tIvpAe5LsT1s9teY-fXySMBpBvfLDy5KjVOJ-a_VmFiR0coeD1xUq_9KoTFi1YHzRMjVzqvEEuhWsXRDfxdQGw_Dp4V-1zQ1WSQo9D_2k2mKpH1hCNclkXGaGiYS6SAMjSglX_qmDBF61dq4F5Ha5GuZgSw-BeDI5eXmKkVP_mHHTkmBv4PRDhNbo]
[cdn4.telegram-cdn.org/file/JFy8B_gA1Pan7BRDXB_LyAs-Nk9qTJ0MlSVFvEqfl-vREeJs7k-uiieHQXSqGW0ceVtqpgRA_nb8xLnfwlPeSd4yuBFjKZ1mBFLjS2TnAsp2ItT2-FoSucuj33l7A6Wbn_ZgbtefNbkyns2vk0WOZm-RRYIpfRWXIayYWs-7tECM8XxiQ0WIsDxfK_mh]
[t.me/ittzA7aa/5673dd5c.html]
[t.me/ittzA7aa/5674dd5c.html]
[t.me/ittzA7aa/5675dd5c.html]
[t.me/ittzA7aa/5676dd5c.html]
[cdn4.telegram-cdn.org/file/nk-Q6SfCOjhw2LVEoeglySYbqWHSCxTShaIW_iHegxIJFuhmRQXrAXyzz2fnqZk7zDeEmsuqFxqFlM_Y_dSDG_wzgAof-p-MuWxgTexfSxzvVttujaLG4TnnCeGSQ1koMAQeacoZgJPxx4I5O2Vo5VoT1u9ucnakwW0yYD7_j5AVBL0S8HY4EAnOzocP]
[t.me/ittzA7aa/5677dd5c.html]
[t.me/ittzA7aa/5678dd5c.html]
[t.me/ittzA7aa/5679dd5c.html]
[t.me/ittzA7aa/5680dd5c.html]
[t.me/ittzA7aa/5681dd5c.html]
[cdn4.telegram-cdn.org/file/P79E2tTChJftIRyFW7yEYyhxKJfWxhPK-Epz7vosm4q6Hz-vkNRfjsTMmw_lda-tVNFvYxl6JjQU09QEVGNBpoi08TkaTZCrufhmRjakgRNaXCx8FebynrcqVC4pNiQgI-WWKy0_iJt4UN0pd1CiyWAFlGNVP8JV-x9qvFNFkj7b4ws-HGj_PxWyzgls]
[t.me/ittzA7aa/5672.html]
[t.me/s/ittzA7aa1a8e.html]
[t.me/s/ittzA7aa1497.html]
[cdn4.telegram-cdn.org/file/TrmTieGV-gV1ezPb_ugXdf0PFaZ_lVSjpTeJua353JLUT38cyMXZYrlyKRGvvgM9kHJybvz0WSFb5ewMHB0x_Yus9JP-X9ZkUPlDi4pLORsCBj-fZP8A3aA88h6elQmBsh1EFGgoWUNC3KelCM-ZCfKxs0FRiEV9tVGp67MC6mD5ZysSotG_LuHudOrm]
[cdn4.telegram-cdn.org/file/AsbTn6pRGBKEP6XeD7e5jSLq_zWQa5IZgzm8CqaL1BDTTdo71UJNBV0yYf8iHSUwp-EHUjClaLgA0JjgM67tHYSqE3DcBNSP7si3N9-Dh4FRGoMPECuHlwxsI6fuIZpTmlQ4jtBDdvtau6TKtDJ_ita236_lY5J1RhrhkRtf1Hvsh9tCISD1ylYiy684]
[t.me/s/ittzA7aaa4cb.html]
[cdn4.telegram-cdn.org/file/Qz7caJzsFJgGofpS_KDWR4My5bQxb5rdAqpJcM1VurByDYcpE02IubwJzkHUuIY_0Wh3RsN57YilS5rp-TbNFBlFNRx7ROjzPcuOBYowwdAi9REVV91S9WY7o_0rA4vZ24VJaFrpmhyf0WMmSL_W5zrWVsIkA6WkwvQ2FHDQgYQ2wazs_dq6I277imbT]
[cdn4.telegram-cdn.org/file/g-Yo7QvwAPMwdTwMu4VE1OwxBkbrpQRlCfAyRUto_gDzIsN-xlQGcihRvkKoHoH_te-oHiMbodTwwspAyIgXYfxOLVrdEjjbzQAbqLIxV0D6-zjtxxr2WmSqjMOFyabr56-f1XNQTb19J6eiMbs2GzXx0DzyfhWRKnJHWSmUtDe0IzBwyAZp7ILRh2tN]
[cdn4.telegram-cdn.org/file/SaN6WM_zlTx5mLvwM39Cb5lmIENsWeyRAqO6zjRnkcSpMlc-71O4MTRdeGwVTN4zk8-PMm-1BlU0EBIjRy8LUO8OLsAxft7lAG5gOVc7sQxiht9kqz38jKqpIG0IDHlNy0YNVL7kDLY7fQYH0y7rUMADLj9UohuueU5nDPKaDRRopO2s78KrkaCDDsdH]
[cdn4.telegram-cdn.org/file/mSOjfnQ9D6jXEXpgfFhLnM2MRQUUDo1hgcrkxRQ61EbInsESR0a2XYPtWf5c3yfHdJP7qOFb9pjY23gXiDS_tc6j2jKMpVD7xoFNHlgeCUuetI5_DrX47hGMJULlutLizL-n54rqDhndeeTWxCcE46UvxiY-79SXzpuenjrss7BJKzTBGNTrlmuDoNyF]
[t.me/s/ittzA7aa/5682.html]
[t.me/ittzA7aa/5682dd5c.html]
[t.me/s/ittzA7aa/5683.html]
[t.me/ittzA7aa/5683dd5c.html]
[t.me/ittzA7aa/5684dd5c.html]
[t.me/s/ittzA7aa/5684.html]
[t.me/ittzA7aa/5685dd5c.html]
[t.me/s/ittzA7aa/5685.html]
[t.me/s/ittzA7aa/5686.html]
[t.me/ittzA7aa/5686dd5c.html]
[t.me/ittzA7aa/5687dd5c.html]
[t.me/s/ittzA7aa/5687.html]
[t.me/ittzA7aa/5688dd5c.html]
[t.me/s/ittzA7aa/5688.html]
[t.me/ittzA7aa/5689dd5c.html]
[t.me/s/ittzA7aa/5689.html]
[t.me/ittzA7aa/5690dd5c.html]
[t.me/s/ittzA7aa/5690.html]
[t.me/ittzA7aa/5691dd5c.html]
[t.me/s/ittzA7aa/5691.html]
[t.me/ittzA7aa/5682.html]
[t.me/ittzA7aa/5692.html]
[t.me/s/ittzA7aa/5692.html]
[t.me/ittzA7aa/5693dd5c.html]
[t.me/s/ittzA7aa/5693.html]
[t.me/ittzA7aa/5694dd5c.html]
[t.me/s/ittzA7aa/5694.html]
[t.me/s/ittzA7aa7ffd.html]
[t.me/ittzA7aa/5652dd5c.html]
[t.me/ittzA7aa/5653dd5c.html]
[t.me/ittzA7aa/5654dd5c.html]
[telegram.org/img/emoji/40/F09F8D93.png]
[cdn4.telegram-cdn.org/file/HniaH6hLTOC8Urb_AiuG29wLoVgspVeaUA2qXN3frrp9Pvyj71E0vX7yh1-3HYeQKTGLgVRnoau2Uua2bP28wWueIPnJ4CsbnmAa9dKe7NnbLSKX59BJW6XOGn06oWqJETcmBky0PfOwdX4dtNznMKiEdTbOmRKWjo45ItD1ORa6XnXOfgUYlK9fcSHb]
[cdn4.telegram-cdn.org/file/GnmALpDOvjuZ1CYVkgDsl4YuH9ti_nCk8HTAwYlZWnkHF-fIT1YLXbm-URgMmbgtbgbb2TbQlQBZ3ViNbZ_0xpzJfW2F7HfJasoccZ0Os16IVqyPukf1HdUiyLvOOPS5i9NhrGfn57FTPP4a3rzpuaT286RHTbKjQyuUm53r1ZNMYsHmjOELFHZE4b7D]
[t.me/ittzA7aa/5652.html]
[t.me/s/ittzA7aa9483.html]
[t.me/ittzA7aa/5693.html]
[t.me/ittzA7aa/5695dd5c.html]
[t.me/s/ittzA7aa/5695.html]
[t.me/ittzA7aa/5696dd5c.html]
[t.me/s/ittzA7aa/5696.html]
[t.me/ittzA7aa/5697dd5c.html]
[t.me/s/ittzA7aa/5697.html]
[t.me/s/ittzA7aabf29.html]
[t.me/s/ittzA7aa15f7.html]
[t.me/ittzA7aa/5695.html]
[t.me/ittzA7aa/5698dd5c.html]
[t.me/s/ittzA7aa/5698.html]
[t.me/ittzA7aa/5699dd5c.html]
[t.me/s/ittzA7aa/5699.html]
[t.me/ittzA7aa/5700dd5c.html]
[t.me/s/ittzA7aa/5700.html]
[t.me/ittzA7aa/5701dd5c.html]
[t.me/ittzA7aa/5698.html]
[t.me/s/ittzA7aa/5701.html]
[t.me/s/ittzA7aa/5702.html]
[t.me/ittzA7aa/5702dd5c.html]
[t.me/s/ittzA7aa/5703.html]
[t.me/ittzA7aa/5703dd5c.html]
[t.me/s/ittzA7aa/5704.html]
[t.me/ittzA7aa/5704dd5c.html]
[t.me/s/ittzA7aa/5705.html]
[t.me/ittzA7aa/5705dd5c.html]
[t.me/s/ittzA7aa/5706.html]
[t.me/ittzA7aa/5706dd5c.html]
[t.me/ittzA7aa/5702.html]
[t.me/s/ittzA7aa71cc.html]
[t.me/s/ittzA7aa5c5d.html]
[t.me/s/ittzA7aa53b5.html]
[t.me/s/ittzA7aae1c8.html]
[t.me/s/ittzA7aaa772.html]
[t.me/s/ittzA7aaf8fe.html]
[t.me/s/ittzA7aa/570715f7.html]
[t.me/s/ittzA7aa/5707.html]
[t.me/s/ittzA7aa/570815f7.html]
[t.me/s/ittzA7aa/5708.html]
[t.me/s/ittzA7aa/570915f7.html]
[t.me/s/ittzA7aa/5709.html]
[t.me/s/ittzA7aa/571015f7.html]
[t.me/s/ittzA7aa/5710.html]
[t.me/s/ittzA7aa/571115f7.html]
[t.me/s/ittzA7aa/5711.html]
[t.me/s/ittzA7aa/5712.html]
[t.me/s/ittzA7aa/5713.html]
[t.me/s/ittzA7aa/5714.html]
[t.me/s/ittzA7aa/5715.html]
[t.me/s/ittzA7aa/5716.html]
[t.me/s/ittzA7aa/5717.html]
[t.me/s/ittzA7aa/5718.html]
[t.me/s/ittzA7aa/5719.html]
[t.me/s/ittzA7aa/5720.html]
[t.me/s/ittzA7aa/5721.html]
[t.me/s/ittzA7aa/5722.html]
[t.me/s/ittzA7aa/5723.html]
[t.me/s/ittzA7aa/5724.html]
[t.me/s/ittzA7aa/5725.html]
[t.me/s/ittzA7aa/5726.html]
[t.me/s/ittzA7aa8f28.html]
[t.me/s/ittzA7aa/5727.html]
[t.me/s/ittzA7aa/5728.html]
[t.me/s/ittzA7aa/5729.html]
[t.me/s/ittzA7aa5175.html]
[t.me/s/ittzA7aa/5730.html]
[t.me/s/ittzA7aae957.html]
[t.me/s/ittzA7aa0700.html]
[t.me/s/ittzA7aab8e6.html]
[t.me/s/ittzA7aa7053.html]
[t.me/s/ittzA7aa4340.html]
[t.me/s/ittzA7aaa8af.html]
[t.me/s/ittzA7aa079e.html]
[t.me/s/ittzA7aad364.html]
[t.me/s/ittzA7aa5455.html]
[t.me/s/ittzA7aa5977.html]
[t.me/s/ittzA7aa073b.html]
[t.me/s/ittzA7aac5b1.html]
[t.me/s/ittzA7aad4c4.html]
[t.me/ittzA7aa/5633dd5c.html]
[t.me/ittzA7aa/5634dd5c.html]
[t.me/ittzA7aa/5635dd5c.html]
[cdn4.telegram-cdn.org/file/LJSc8AoGVjeeUNHeuBIdhlpHIqR4lJdiSQejZLyIsPUhVcPK74cDJywRIe5h5sd8ZrXTJjMjueXqvnvasn4gIg_Yoji8ddWXfyImPuAin133gF71vgcVxUKa1ENeN0nUg7S8Kib6xBpe_ywaSAiHnbzYANuaUJvGcFCumdWkyulOvUc6mCXn2Q7TNo8_]
[t.me/ittzA7aa/5636dd5c.html]
[t.me/ittzA7aa/5637dd5c.html]
[t.me/ittzA7aa/5638dd5c.html]
[t.me/ittzA7aa/5639dd5c.html]
[cdn4.telegram-cdn.org/file/tGWzEPT-QydaNWx4VhaGtFbuZiRtIX7-Dude_-LKltKiZRqCwE1NgoETSxnVBx-b81XXO3xjsv6gls4trQUkasialRFjDnwJhiUz2ShnqcH9zGhiiBsgpP1zYcm6ysLRBvc2RcdB1JJQndmmh53F5ZUS2OdBP5pi8gqID18lGn-u_gg9ST_equvpPk0Y]
[t.me/ittzA7aa/5640dd5c.html]
[t.me/ittzA7aa/5641dd5c.html]
[t.me/ittzA7aa/5633.html]
[t.me/ittzA7aa/5642dd5c.html]
[t.me/ittzA7aa/5643dd5c.html]
[cdn4.telegram-cdn.org/file/EnrOeChFI0JuFbpslODc4rRkKdSEoac7CadyTvvHqx7ujtRXxv0Zg9I7zziD4jHjt9CZpCKdBr6nyhORO0mwWHQxJ_-sC03L-eD9EhqTsuY9ap1EKJgClmle4enEM8KN5MYgso7Df-1kh6ix0EzcXdekfvHu6qUHL1PHW_9xWSHnAcnhyX3x8mKSYrUf]
[t.me/s/ittzA7aa204a.html]
[cdn4.telegram-cdn.org/file/m9gKcZZvqNKFTbh0ZxG4wRrDrw8acy1tqa1UoSr7-S4qOqIcWJ8kG7TqTu-RSNMuLrwrWl2IgNchQHi_MPCTVsuenmdVnSFEOh26Vf08jgudMPSv_DXYtsntuq2V3TpBnPzb889mWAroS4hejL3guKcJxIeuqEOJ5ed6kEkb_TTnn8h4vMZvkn1xy9Us]
[cdn4.telegram-cdn.org/file/S5CqOEWx3-1wNw1A--EOh3DHNpAZ_lWbKDEYQkyfxYlA3OBe9_ClTdl0-wZFvb3p2yL_IZdtNmA86E8ciRI9wEo_gRrDbs2m4rZ38nD1n8KrDsnlIJgZCPkEqbwBZpIV973e7K3EJ5Saoft8DQ_ouyZgydKXGefbeWfA3tsuhQdkKwxh7ckofFIzYmFP]
[cdn4.telegram-cdn.org/file/DPEahrcAL3R9nL9DJToGPfXBjGOOju4lGTfU8Do8CTima930nphxhoLapZQiN2R8q6psaKOV-Xb3QSk9k79-DtbP1QVCVwdDC6MwHeGTUOQ-tYgGKYgSg5z4qrrhwiJ24R-orE7ePcvn6_IpLg3NUlRuKT9WwZAFqlEtlLK2EGzhvqDMEoiOGgxBp9t1]
[t.me/ittzA7aa/5642.html]
[t.me/ittzA7aa/5644dd5c.html]
[cdn4.telegram-cdn.org/file/lO5Gn3s1gOQlgJm6yXMUnZpVdvV5Y525vzQIsqLlbj-8FNzbtpjLiPMQtvZDkWA-BT616irTTdZRPZ5mLll0Ha9zFZ-kh-wlz_y75LvnYlHxhgtGq0ikREukby3vqrmC2f4N7vR7ZbpupNTNUX49Pq5eEfr0B3BcN7OHVuzsK3LPB69-aP47tLPKl6hC]
[t.me/ittzA7aa/5645dd5c.html]
[t.me/ittzA7aa/5646dd5c.html]
[t.me/ittzA7aa/5647dd5c.html]
[t.me/ittzA7aa/5648dd5c.html]
[t.me/s/ittzA7aae593.html]
[cdn4.telegram-cdn.org/file/iB93_Q8zJg7d7i3qR4mav54Mg6Jy-1HhF3hwY8XFKNU8hjBSMnerefHBx9TrM1Mx-APn8OC9iVwsbP4eRW1RaTcr8l3qbOmDJau6kRamZKMZmFlEQ2Yq5i17zEBJODDk17nmIKrx1W78SKW_r6lePUl6ImzemBEBcJv6gsRtPDXYmXpFJ8ywSW9SI5iI]
[t.me/ittzA7aa/5644.html]
[t.me/ittzA7aa/5649dd5c.html]
[t.me/ittzA7aa/5650dd5c.html]
[t.me/ittzA7aa/5651dd5c.html]
[cdn4.telegram-cdn.org/file/I-zo-LOob5SGSxOmzUP-6Ntx8j7oLIA1CMpP_gSq8A_GzP-iWa2YS9uYayxcWOskFEOibFyWWY_SDIHCR2QIeALHS6I9hX5amTDd8EH17SnNd4Vdu0rh433wWxPfB7PGZl46QybLSvN5qiPgxQ4JP-wEQDlQeWmMMbt83nQuwoM_ymlKyXemd7iIpXg_]
[cdn4.telegram-cdn.org/file/agCU4Rt_fVnO_dxMq5gRNl6Jj0d13fQ4ypGak3RCDF7wWLJGMl8AHNxvRPRNE2XSldSwE_bm5RX9iE7b7u_xKTbYmfFSmYnQbrXE7xltdLlWltksnqpQ5GE5LKjHw9LTaasvRS_PeZqy8Un0j0t2QUP8VBTAfLbm2qPtqYvG93IBUpYnf09bQqEyjjAx]
[telegram.org/img/emoji/40/F09FA49D.png]
[cdn4.telegram-cdn.org/file/FK-4vlx1qSxbMc0fP6bnpyxzozHuJlnKiP20oHiwo82VzBnFOIKS-fiqT3yo1-MW-x1tkZZSiJYaywJhwQOZzU--yFHGxSUga7Z_FTLwe59zsTZvq_14noMD3VsDWU-mwDKQI8iElIKRxz2ihk4I9ZbWggxMlvPv5O8bdy27jRCPuMxNVdeLLqdHxJzz]
[cdn4.telegram-cdn.org/file/Xv9U8D9Lh3yiHUGRc1QKgeut07QkGI_PbRVSChFxyKAV9tTvNLO9kSALVqOAWFAoYwBa5LU-m4LC1wJYNsvRQ7lGjbl9YlgPUoi8sj1HgH7kDEykqGob1aUZ664yLe-RlbgAfsXxT6Wxxs4UnuxZzaBVbHzSAKN-0F0M0ZJQRMzGAfG1KofgPUpNMTRw]
[t.me/ittzA7aa/5649.html]
[cdn4.telegram-cdn.org/file/TjffLpOkpE9Ox0C6UcKAFjA6-bbRPpaJ2CV3ELaMY_QL9CqUjp2-zZuaE0aclpFHnPCU1SNAtbDw1WULt7qK2IsXxo_WPglPJ0AjuRXwVFKcqJmfuYZHI_XvP5yns4JhUa73U9d4RXgMPM732mR6GsngSigIi7l2C4CEJCzP1oFwo5QnzNG8ueRTIVC3]
[t.me/ittzA7aa/5655dd5c.html]
[cdn4.telegram-cdn.org/file/iV-nFkzrdGBcSbwrRSTMxZaGNo48bCFhLJ5N4Fd2oYsFUvgA9pmiC4CJcp00xgIJvgXnh856T8tv99hclOJhW7htjNVbMR01HsVjzFb7kQy_-knmE7_enbdYN1NkWb2tH94aMg3Dw56Lc29anDwQe3MvJe4aGTGvRyPsVH9X_SXc4GhwQGEcxSBjZcWm]
[t.me/ittzA7aa/5656dd5c.html]
[t.me/ittzA7aa/5657dd5c.html]
[t.me/ittzA7aa/5655.html]
[t.me/s/ittzA7aa9a85.html]
[t.me/s/ittzA7aa0342.html]
[cdn4.telegram-cdn.org/file/jebZZK_MAYY9dAWjSB25lpY_PF-34nmDX9xsmq7ivwzziz7nctW79wenaTgx10vTXdr59jip1cShCnekqSpJKAGfzSkovAhx1PVuWQir_e2SBTP7AgHv7oKVPwKNicWO3ai-FGzFKs0F6HEsP6S-8cky2lPWSzmg3Oa3k_QRAU6X1zwzxv9CpJylQekF]
[cdn4.telegram-cdn.org/file/DkSDGWcLLnJvYfMyukGJtnPkFtxlFAwizG9C_gj741P2kWdXQVnbt7ZcW9edfdrrXZ2-jdy7e3PAuGu8pdPn2AFG6UA98JMs-AL-1MpWa_rl2Wx92BQ-pRP3jSD1C-f1QioEb3ewkLp00L9whyXA_CV_DCjbSJ4CWWmvPDhOcAlkF5H37WM4kKuR_3Gh]
[cdn4.telegram-cdn.org/file/RBuK2PlooyF3Un1aQ1MpqGtIOel61fQv5_u-95rUlfedwGtN_EI0LEVPb_XLdLSOjw4rdvxpPHbmwh6Kh79WUzDCv7C6N_hSpl7JnF4wLxUi9Kvm5vmefqi9Yg9WLKPOixMe3TYr2bLR_18kCR2_rGbkBBNZ7O9GbMrxYxgxbEaux_GX2vKMezHVS7yg]
[cdn4.telegram-cdn.org/file/MO5iO2t7_XYnY2DtSoXgVZVXpphQZwyk4tIpSjzWpiYqgDy3V_S8yjUmbzwEJnLTf5M2ikvN_EJ4kxRR4EM3y2vQ112HMSqXgabDY61Vp5ouP3QPLJv4WBZES27JvAlhIa5xOHa8bZqHvFn2lYyy7n8zmpGJB5Tkl5-hEDp2Btm_SU7Iwg5iuVQvRaZV]
[cdn4.telegram-cdn.org/file/B8TuGnYP7NV4ZLIfNW3h1KIaSzEfE-D-4YnQ0yPeeLOJ_s5jwJ3ogxyZf9xQALc34IEAFoKg8OJLgK8Y8e3WdeDVjKL8nN_nmHerH_QAMz-R96I7f3ICFsTG9aOlygbmal9sND6B0BQS6ITcJf7IUDgHtfnd-CIxcr9Kq3jLbNGM5X7fx67KEvNVT2Ya]
[t.me/s/ittzA7aa01f1.html]
[t.me/s/ittzA7aaa1e1.html]
[t.me/s/ittzA7aa/5658.html]
[t.me/ittzA7aa/5658dd5c.html]
[t.me/s/ittzA7aa/5659.html]
[t.me/ittzA7aa/5659dd5c.html]
[t.me/ittzA7aa/5660dd5c.html]
[t.me/s/ittzA7aa/5660.html]
[t.me/ittzA7aa/5661dd5c.html]
[t.me/s/ittzA7aa/5661.html]
[t.me/ittzA7aa/5662dd5c.html]
[t.me/s/ittzA7aa/5662.html]
[t.me/ittzA7aa/5663dd5c.html]
[t.me/s/ittzA7aa/5663.html]
[t.me/s/ittzA7aa/5664.html]
[t.me/ittzA7aa/5664dd5c.html]
[t.me/s/ittzA7aa/5665.html]
[t.me/ittzA7aa/5665dd5c.html]
[t.me/ittzA7aa/5666dd5c.html]
[t.me/ittzA7aa/5658.html]
[t.me/s/ittzA7aa/5666.html]
[t.me/ittzA7aa/5667.html]
[t.me/s/ittzA7aa/5667.html]
[t.me/s/ittzA7aa/5668.html]
[t.me/ittzA7aa/5668.html]
[t.me/ittzA7aa/4893.html]
[t.me/s/ittzA7aa/4893.html]
[t.me/s/ittzA7aa/5669.html]
[t.me/ittzA7aa/5669.html]
[t.me/s/ittzA7aa/5670.html]
[t.me/ittzA7aa/5670.html]
[t.me/s/ittzA7aa/5671.html]
[t.me/ittzA7aa/5671.html]
[t.me/ittzA7aa/5672dd5c.html]
[t.me/s/ittzA7aa/5672.html]
[t.me/ittzA7aa/5673dd5c.html]
[t.me/s/ittzA7aa/5673.html]
[t.me/ittzA7aa/5674dd5c.html]
[t.me/s/ittzA7aa/5674.html]
[t.me/ittzA7aa/5675dd5c.html]
[t.me/s/ittzA7aa/5675.html]
[t.me/ittzA7aa/5676dd5c.html]
[t.me/s/ittzA7aa/5676.html]
[t.me/ittzA7aa/5677dd5c.html]
[t.me/s/ittzA7aa/5677.html]
[t.me/ittzA7aa/5678dd5c.html]
[t.me/s/ittzA7aa/5678.html]
[t.me/ittzA7aa/5679dd5c.html]
[t.me/s/ittzA7aa/5679.html]
[t.me/ittzA7aa/5680dd5c.html]
[t.me/s/ittzA7aa/5680.html]
[t.me/s/ittzA7aa/5681.html]
[t.me/ittzA7aa/5681dd5c.html]
[t.me/ittzA7aa/5672.html]
[t.me/s/ittzA7aae163.html]
[t.me/s/ittzA7aa0032.html]
[t.me/s/ittzA7aa/5682.html]
[t.me/s/ittzA7aa138f.html]
[t.me/s/ittzA7aa7843.html]
[t.me/s/ittzA7aa/56839483.html]
[t.me/s/ittzA7aa/5683.html]
[t.me/s/ittzA7aa/56849483.html]
[t.me/s/ittzA7aa/5684.html]
[t.me/s/ittzA7aa/56859483.html]
[t.me/s/ittzA7aa/568515f7.html]
[t.me/s/ittzA7aa/5685.html]
[t.me/s/ittzA7aa/56869483.html]
[t.me/s/ittzA7aa/568615f7.html]
[t.me/s/ittzA7aa/5686.html]
[t.me/s/ittzA7aa/56879483.html]
[t.me/s/ittzA7aa/568715f7.html]
[t.me/s/ittzA7aa/5687.html]
[t.me/s/ittzA7aa/56889483.html]
[t.me/s/ittzA7aa/568815f7.html]
[t.me/s/ittzA7aa/5688.html]
[t.me/s/ittzA7aa/56899483.html]
[t.me/s/ittzA7aa/568915f7.html]
[t.me/s/ittzA7aa/5689.html]
[t.me/s/ittzA7aa/56909483.html]
[t.me/s/ittzA7aa/5690.html]
[t.me/s/ittzA7aa/569015f7.html]
[t.me/s/ittzA7aa/56919483.html]
[t.me/s/ittzA7aa/569115f7.html]
[t.me/s/ittzA7aa/5691.html]
[t.me/s/ittzA7aa/56929483.html]
[t.me/s/ittzA7aa/569215f7.html]
[t.me/s/ittzA7aa/5692.html]
[t.me/s/ittzA7aa/56939483.html]
[t.me/s/ittzA7aa/569315f7.html]
[t.me/s/ittzA7aa/5693.html]
[t.me/s/ittzA7aa/56949483.html]
[t.me/s/ittzA7aa/569415f7.html]
[t.me/s/ittzA7aa/5694.html]
[t.me/s/ittzA7aa7ffd.html]
[t.me/s/ittzA7aa/5652.html]
[t.me/ittzA7aa/5652dd5c.html]
[t.me/s/ittzA7aa/5653.html]
[t.me/ittzA7aa/5653dd5c.html]
[t.me/s/ittzA7aa/5654.html]
[t.me/ittzA7aa/5654dd5c.html]
[t.me/ittzA7aa/5652.html]
[t.me/s/ittzA7aa/56959483.html]
[t.me/s/ittzA7aa/569515f7.html]
[t.me/s/ittzA7aa/5695.html]
[t.me/s/ittzA7aa/56969483.html]
[t.me/s/ittzA7aa/5696.html]
[t.me/s/ittzA7aa/569615f7.html]
[t.me/s/ittzA7aaf37e.html]
[t.me/s/ittzA7aae2c2.html]
[t.me/s/ittzA7aa/56979483.html]
[t.me/s/ittzA7aa/569715f7.html]
[t.me/s/ittzA7aa/5697.html]
[t.me/s/ittzA7aabf29.html]
[t.me/s/ittzA7aa/56989483.html]
[t.me/s/ittzA7aa/569815f7.html]
[t.me/s/ittzA7aa/5698.html]
[t.me/s/ittzA7aa/56999483.html]
[t.me/s/ittzA7aa/569915f7.html]
[t.me/s/ittzA7aa/5699.html]
[t.me/s/ittzA7aa/57009483.html]
[t.me/s/ittzA7aa/570015f7.html]
[t.me/s/ittzA7aa/5700.html]
[t.me/s/ittzA7aa/57019483.html]
[t.me/s/ittzA7aa/570115f7.html]
[t.me/s/ittzA7aa/5701.html]
[t.me/s/ittzA7aad463.html]
[t.me/s/ittzA7aa/57029483.html]
[t.me/s/ittzA7aa/570215f7.html]
[t.me/s/ittzA7aa/5702.html]
[t.me/s/ittzA7aa/57039483.html]
[t.me/s/ittzA7aa/570315f7.html]
[t.me/s/ittzA7aa/5703.html]
[t.me/s/ittzA7aa/57049483.html]
[t.me/s/ittzA7aa/570415f7.html]
[t.me/s/ittzA7aa/5704.html]
[t.me/s/ittzA7aa/570515f7.html]
[t.me/s/ittzA7aa/5705.html]
[t.me/s/ittzA7aa/570615f7.html]
[t.me/s/ittzA7aa/5706.html]
[t.me/s/ittzA7aa71cc.html]
[t.me/s/ittzA7aa53b5.html]
[t.me/s/ittzA7aae1c8.html]
[t.me/s/ittzA7aaa772.html]
[t.me/s/ittzA7aaf8fe.html]
[t.me/s/ittzA7aa/570715f7.html]
[t.me/s/ittzA7aa/570815f7.html]
[t.me/s/ittzA7aa/570915f7.html]
[t.me/s/ittzA7aa/571015f7.html]
[t.me/s/ittzA7aa/571115f7.html]
[t.me/s/ittzA7aa8f28.html]
[t.me/s/ittzA7aa5175.html]
[t.me/s/ittzA7aa9901.html]
[t.me/s/ittzA7aae957.html]
[t.me/s/ittzA7aa0700.html]
[t.me/s/ittzA7aa7053.html]
[t.me/s/ittzA7aad364.html]
[t.me/s/ittzA7aa9a66.html]
[t.me/s/ittzA7aa9ec8.html]
[t.me/ittzA7aa/5613dd5c.html]
[t.me/ittzA7aa/5614dd5c.html]
[t.me/ittzA7aa/5615dd5c.html]
[t.me/ittzA7aa/5613.html]
[cdn4.telegram-cdn.org/file/CbmZeLQjfYwQGtvUNgymIdXrj_H6rRLS0cAVGp5VoDLCSze1aOE-8Gysins9H17dn2DgA4vKDbVvzNGVohNX3S9j3CrsdyPjo2i9CK_Em-1dE52zTi0psKUq9ak_wrEyWGx6dJqvH1QfiHUxyxzRnXODoJ3tlINFIdKIcwem9812F4ggqj22CHFhvKPW]
[telegram.org/img/emoji/40/E29B94.png]
[cdn4.telegram-cdn.org/file/CN2ZMCYJ6nI7DS_VXhd5H76jaLdOLHl3aoxVKDV-mGuQ-k0hahGxBBd3VA8TrOXbntD0NkMWj3ryLG8rk8Ed1ijb8VB7NDmBhUAyTnJhm0udr46zkSY_chsyo_jCRp1WGkj4ZbyLYX9qmt1d7TtTIYf5T5llUhwwFEST5xNF1jz2-fdJEQ9v-zWKJWZD]
[telegram.org/img/emoji/40/F09FA494.png]
[t.me/ittza7aavip.html]
[t.me/ittzA7aa/5616.html]
[t.me/ittzA7aa/5617.html]
[telegram.org/img/emoji/40/F09F948E.png]
[cdn4.telegram-cdn.org/file/rhO2TqhY8nW5sLJuurgzVI-MMHQH6mLn2t7j6BevvIQ6PhvsaUkb9FCZpBMMTuGN1OEjKygbri-L1VQNHwRlnBEau_pQWbau3iNnkBzo5oC2Qz6rPnwOhenMxMrK2g4XmMCcmm-Q8TBT6Psxl8dJPhISOZcweBIfhv4gBQ4Ks5U0gKI-FxVIXh8nLtZr]
[telegram.org/img/emoji/40/F09F93A9.png]
[t.me/s/ittzA7aa306f.html]
[t.me/ittzA7aa/5618.html]
[telegram.org/img/emoji/40/F09F929C.png]
[cdn4.telegram-cdn.org/file/T8MDU66oVD2AigNQVN6cG99i6W7vG1KJtkEGAhrteJQwG57dks-s5W7KQHDguPNKkiqEh4FxoZqAAV02wZ-h4KyTb3pb2RQDwXlbm80SUXiiuWSmWsPFsFL-nNWKkjWqNirIFNe59ajcEIwqmaAZbJkFTo39oOCr4ghX0em_i5mArEI35labwgOg1DO8]
[t.me/s/ittzA7aa257e.html]
[t.me/ittzA7aa/5619.html]
[telegram.org/img/emoji/40/F09F9FA0.png]
[cdn4.telegram-cdn.org/file/i2tTmyl7TtDkFXJ4914joEuRagq9VEK-CJXuBe2yU0Xf44UocD9T0LKWruq_ZvlWH0ILHR7V_l3_cb9oO0WXOPkJ1Ji7faits44ga7Rp0dvANg8lSUVA3-R5lbLDvpXHaSjdIf1kIp9ucVme7WyJnfKS_UhF54Je4Yf9Fy8PPL86lbxNTydWWHeWJmOD]
[telegram.org/img/emoji/40/F09F918D.png]
[t.me/ittzA7aa/5620.html]
[t.me/ittzA7aa/5621.html]
[t.me/ittzA7aa/5622.html]
[t.me/ittzA7aa/5623.html]
[cdn4.telegram-cdn.org/file/l-NsUhmiRMYLnKGsJHoESJRsVF-4bYg3_xvrvsXtDeTK9--p8ped40uKmlijygb6InzJ3YKgJSyAR7p0DkEkWzeUmB1SBrIZ30bYwq94WQP0TZUhQQZbSODLUO7DPSc2sFTvZCNeqp_u9dNoCtrxymAUU7s_MpbLR1MTr9x-55GKpdNRUiTl0kFUM9gT]
[telegram.org/img/emoji/40/F09F9591.png]
[cdn4.telegram-cdn.org/file/L2QkhV7UdsaKKr3z__X-mpmYJgAyw_uLuilgDbO17Hvt6VcmeGE3J0mQ0M5qk0GI941EQXVvBv3L1aB4sOQBk2GddPUUYGAN5WYOgIUX0yPWhLvdJKVVLLgwYvdcJxmjA24Lzo_anwXuBqjM7mcTjtnI0wyTQMLF4Mt23F6ahzUZvzOUzw9wEPO1uWtO]
[telegram.org/img/emoji/40/E29C85.png]
[t.me/ittzA7aa/5624.html]
[telegram.org/img/emoji/40/F09F9BA0.png]
[cdn4.telegram-cdn.org/file/B0zQ5v-YG-Egm6FQzUG3drMAPUBz9aNQVx0Y2KfSfJy2udWtLqPVP51AsmlAsRj31yTmLGC0YDkGVvRp7_VnlgtQMIHH0obklqiblwmZn_k5k1lYmBR5XOob_LZmuPYF62VWnmDbsm-rd5GWl5q_TCYbIsxuMPhRwsRCflx24VcInRB0w-0gC_BbkrPp]
[telegram.org/img/emoji/40/F09F93B2.png]
[t.me/ittzA7aa/5625.html]
[telegram.org/img/emoji/40/E29881.png]
[cdn4.telegram-cdn.org/file/QwVJlwIjLfddmPlqHQ0MDAND8s2GGGUL2mIC_YV3k3orIx1CvKMOWcJgBm41RQKKEqplV_itvKt32eNxoqbreMTAujbDonoZ0_b_CFEo6O8edEcQquc2b68hvbJeuNP5P2UCRr2fsSt0NH_n3TgaavQCaZqGndczDQOQKTLlTQDh9ABu18fKVpMOo3cX]
[t.me/ittzA7aa/5626.html]
[t.me/ittzA7aa/5627.html]
[t.me/ittzA7aa/5628.html]
[telegram.org/img/emoji/40/E29DA4.png]
[cdn4.telegram-cdn.org/file/IR4Mpvhjg85w-vuDFuXwTVcKymFeeCIx59DxPGX36dQotmr8QuCTq3WT41CS8giZ5q1dkEzmXLfThksKub76A-7DLu7e0fDSum4j9O5IRhInPlcOgjU3oDWQYUKgfIGu0dsDCUJNWklv05VMDzOaqoMr7Qhp71rTfbSVI7jRPCEVcdQ_JxE_oP5tkmkB]
[cdn4.telegram-cdn.org/file/j72t7ERW4ab-4baFUvb9w7bI62HbtJaIz_RwhUEkktb3wVkZ_SCVbZMjldUixL8SGa_8AdnmpdBQ7t6_bAV43ivrcJT3B8Hk4sVp3gJGr-QwqHmqEj5JwXlYEdKNmsjmsTw11160aCZJ2zrYZ6nLuRKCMdKRihFfsbGV9WboMd7qRFrlaD88TJGrvFG7]
[cdn4.telegram-cdn.org/file/O5N3d7DTNzk7nva_bSbbx3HpWwnN9o8qDtqO0ZxAHAmcCJH76VAdYERm1gPGc05i8GsOFaFy-XLu7rfin6Z2AG2VbQUd_w2-XgzvR834e2RZISUVfDhIXz8FI3LcmSH_IvA_ncrPQRwk4V6Tb2y8bmWsWX4ggTQHQ1SY51bTUZ-hG8Vt1VdVV_2M4pqp]
[t.me/ittzA7aa/5629.html]
[telegram.org/img/emoji/40/F09F98B1.png]
[telegram.org/img/emoji/40/E280BC.png]
[t.me/ittzA7aa/5630.html]
[telegram.org/img/emoji/40/F09F8E89.png]
[telegram.org/img/emoji/40/F09F9881.png]
[cdn4.telegram-cdn.org/file/IxyispUxK4x_U5JdRjVpPM3ye50UOeL0nJmMDkNmcUv-efOdBvWVam9DqW7bwzZhxNqq2eF0sHmui9aW1q0sJni1hqt0uJvKnlGUueo_PxWOlSGYjsXfT_eTZzVtckqrs42SskP6lUxr8Bs--X6Pyoa8OXyPpPJ6qbR1GvXWovr_yiYz7MS4ky5SYRJX]
[t.me/ittzA7aa/5631.html]
[t.me/ittzA7aa/5632.html]
[t.me/s/ittzA7aa073b.html]
[t.me/s/ittzA7aac5b1.html]
[t.me/s/ittzA7aad4c4.html]
[t.me/s/ittzA7aa/5633.html]
[t.me/ittzA7aa/5633dd5c.html]
[t.me/ittzA7aa/5634dd5c.html]
[t.me/s/ittzA7aa/5634.html]
[t.me/ittzA7aa/5635dd5c.html]
[t.me/s/ittzA7aa/5635.html]
[t.me/s/ittzA7aa/5636.html]
[t.me/ittzA7aa/5636dd5c.html]
[t.me/s/ittzA7aa/5637.html]
[t.me/ittzA7aa/5637dd5c.html]
[t.me/ittzA7aa/5638dd5c.html]
[t.me/s/ittzA7aa/5638.html]
[t.me/s/ittzA7aa/5639.html]
[t.me/ittzA7aa/5639dd5c.html]
[t.me/s/ittzA7aa/5640.html]
[t.me/ittzA7aa/5640dd5c.html]
[t.me/s/ittzA7aa/5641.html]
[t.me/ittzA7aa/5641dd5c.html]
[t.me/ittzA7aa/5633.html]
[t.me/s/ittzA7aa/5642.html]
[t.me/ittzA7aa/5642dd5c.html]
[t.me/s/ittzA7aa/5643.html]
[t.me/ittzA7aa/5643dd5c.html]
[t.me/s/ittzA7aa8b48.html]
[t.me/ittzA7aa/5608dd5c.html]
[t.me/ittzA7aa/5609dd5c.html]
[t.me/ittzA7aa/5610dd5c.html]
[telegram.org/img/emoji/40/F09F98A9.png]
[cdn4.telegram-cdn.org/file/Ytesj54SwIV8XuEcun-v7POVxpWb_3WiZKR9T0kbkLb_A3l06mtwtU9Ft_foV_Sqf3tu_-xMuJlnuMv7wb64igbt3fhIAq5ZZ1_7GmXp5KhU5LgTGmxD-FMCwgsZJqFoNrvG_Hwu5547Fac1tIRYsqqPTadCeC8C1m4sD2r9JK1_e5P8JXAQgVIxUzrf]
[cdn4.telegram-cdn.org/file/FLypeoe-Mmvdze8X6c6rIsMojjT2u9ko8yh2jgpUkHzEVJseHSYdOTOJL5aYaEsDdNgD4yB2AOGvm2O-HxN1pzpNSCV_kX_mMGYMU26hyn-T6W1GV5cb4FgpAg9TAE2bbnl8974Yn28mSAYjA62RdNGOFuRBnLK1_TMqCU1zB2_eI0cYQUf1HkxPqTis]
[telegram.org/img/emoji/40/F09F9882.png]
[t.me/ittzA7aa/5608.html]
[t.me/s/ittzA7aa204a.html]
[t.me/ittzA7aa/5642.html]
[t.me/s/ittzA7aa/5644.html]
[t.me/ittzA7aa/5644dd5c.html]
[t.me/s/ittzA7aa/5645.html]
[t.me/ittzA7aa/5645dd5c.html]
[t.me/s/ittzA7aa/5646.html]
[t.me/ittzA7aa/5646dd5c.html]
[t.me/s/ittzA7aa/5647.html]
[t.me/ittzA7aa/5647dd5c.html]
[t.me/ittzA7aa/5648dd5c.html]
[t.me/s/ittzA7aa/5648.html]
[t.me/s/ittzA7aac777.html]
[t.me/ittzA7aa/3790dd5c.html]
[t.me/ittzA7aa/3791dd5c.html]
[t.me/ittzA7aa/3792dd5c.html]
[t.me/ittzA7aa/3793dd5c.html]
[t.me/s/ittzA7aac663.html]
[cdn4.telegram-cdn.org/file/NBwUwPzf02vRCT9Ga4T28dJPJzamLrVaq9nuw7BtZaCNPjWngAJaTtxS0MGIh-C5yO1hh7aQP43x9Rl_7i21YatcV5odWZYJqnSVQUZESqhyrwWwLy9mBE5P9gRC9a0UvmB_yIbo-Pt7FQkyEpZIzcG-qdIRy7eaZ6gQuTO4fmgIyJJpVuYeWrJU0oxp]
[t.me/ittzA7aa/3790.html]
[t.me/s/ittzA7aae593.html]
[t.me/ittzA7aa/5644.html]
[cdn4.telegram-cdn.org/file/QNY6B6gJrNVTlWX4AAT_b-XxkuvvIsacRv8_OWYFf_E16LEMAHcrmGv6kEdy-VFijq4-EBB8DSEw3QrAcaL4fpBJgQ4IAusy2KGO-CTYqIONe1f_aoWM-cxI8JceGDfRNgdHz47K-d00tCQMoUNudPnSEfOQFQbUBLGIRKVJ7P6b7HQJrzUy0I31M98b]
[cdn4.telegram-cdn.org/file/Dio_MOtZHokWeCX3rewoZfEbxSPfQmhWSyarGkLdKP4V4L5CDJFlu2KagS2b_cjHXveKBe7kO6igeSRdeaPuzTAIg8jkPAL0j5OiND9p1QNxEdUAYt7L6iLHb2E4_neJ-f1msZXVHJp3aQyDwfgdgtI-Kl_48qpHgRZex-QF6JJQDdJcuk9Ror9Kp48H]
[t.me/ittzA7aa/5649dd5c.html]
[t.me/s/ittzA7aa/5649.html]
[t.me/ittzA7aa/5650dd5c.html]
[t.me/s/ittzA7aa/5650.html]
[t.me/ittzA7aa/5651dd5c.html]
[t.me/ittzA7aa/5649.html]
[t.me/s/ittzA7aa/5651.html]
[t.me/s/ittzA7aa/5655.html]
[t.me/ittzA7aa/5655dd5c.html]
[t.me/s/ittzA7aa/5656.html]
[t.me/ittzA7aa/5656dd5c.html]
[t.me/s/ittzA7aa/5657.html]
[t.me/ittzA7aa/5657dd5c.html]
[t.me/ittzA7aa/5655.html]
[t.me/s/ittzA7aa7f15.html]
[t.me/s/ittzA7aa1e54.html]
[t.me/s/ittzA7aa9adc.html]
[t.me/s/ittzA7aa01f1.html]
[t.me/s/ittzA7aa03e1.html]
[t.me/s/ittzA7aa3dee.html]
[t.me/s/ittzA7aa0dd8.html]
[t.me/s/ittzA7aa/5658e593.html]
[t.me/s/ittzA7aa/5658204a.html]
[t.me/s/ittzA7aa/56589483.html]
[t.me/s/ittzA7aa/5658.html]
[t.me/s/ittzA7aaf04f.html]
[t.me/s/ittzA7aac9cf.html]
[t.me/s/ittzA7aa19ce.html]
[t.me/s/ittzA7aa/5659204a.html]
[t.me/s/ittzA7aa/56599483.html]
[t.me/s/ittzA7aa/5659.html]
[t.me/s/ittzA7aaf70b.html]
[t.me/s/ittzA7aa8c50.html]
[t.me/s/ittzA7aa/5660204a.html]
[t.me/s/ittzA7aa/56609483.html]
[t.me/s/ittzA7aa/5660.html]
[t.me/s/ittzA7aa/5661204a.html]
[t.me/s/ittzA7aa/56619483.html]
[t.me/s/ittzA7aa/5661.html]
[t.me/s/ittzA7aa/56629483.html]
[t.me/s/ittzA7aa/5662.html]
[t.me/s/ittzA7aa/56639483.html]
[t.me/s/ittzA7aa/5663.html]
[t.me/s/ittzA7aa/56649483.html]
[t.me/s/ittzA7aa/5664.html]
[t.me/s/ittzA7aab968.html]
[t.me/s/ittzA7aa/5665.html]
[t.me/s/ittzA7aa/5666.html]
[t.me/s/ittzA7aa/5667.html]
[t.me/s/ittzA7aa/5668.html]
[t.me/s/ittzA7aad849.html]
[t.me/s/ittzA7aab1b0.html]
[t.me/s/ittzA7aa4a9c.html]
[t.me/ittzA7aa/4882dd5c.html]
[t.me/ittzA7aa/4883dd5c.html]
[t.me/ittzA7aa/4882.html]
[t.me/ittzA7aa/4884.html]
[telegram.org/img/emoji/40/F09F8695.png]
[cdn4.telegram-cdn.org/file/hDjOmiy5oVrSbsrN-GGb__OSWk3h2GnRcsUQohjcpNrerl5CN0yKS_QBlzQXOibKbwRkFCTrVhgNbtfe8n825h9mVglOYIT3kcbWHqRTj0NmCGJtG28sn_2EHcPQcReAcW4vxGn4OHu0lhkbwG_tmtT_LQuwXi7d6Bk67TFZ23uQosO1GIn_Rgp-Ar4U]
[t.me/ittzA7aa/4885.html]
[t.me/ittzA7aa/4886.html]
[telegram.org/img/emoji/40/F09FA5B3.png]
[cdn4.telegram-cdn.org/file/tmQDhKcyGK_-heyW5pb86N3uAyt0XZm1HoaN2bOlGJSGUPwq17CGFqRXdIo4inKltkoYhjSgbbjPs4tWKQnacy1ZZlgXAWvjO5_VpS6HDOsYEW_VJakv9lEQ8HPtZgxVdrsMx3rKVhID_5mMzPsXtvdmfS7ltT7JTJLQk4rosrfW_p5dpXU7bIuKdv-s]
[t.me/ittzA7aa/4887.html]
[t.me/ittzA7aa/4888.html]
[t.me/ittzA7aa/4890.html]
[telegram.org/img/emoji/40/F09F9481.png]
[cdn4.telegram-cdn.org/file/eXaSEUHHbrKoNxicWTxA0prLy7TUbpZn30khuafZPBBX5UYyi8ex8IJXoDaxQeb1xUqt11ECjbifE3PcT9v5utIJc5WPX_sWIdR_XgCelzwN42ibFvCjk1Stmh2_tYb3fKxsbKk-QGI8K8jo2oo_zTXq2cBCQUJZnzbzf7W-C4adDks0XIcfD6qiAyFq]
[cdn4.telegram-cdn.org/file/iHHKGLvOrljKgSfcRWvqIl2HKhFofu9CKBCDVciol0mstGsDbqVXACgCQ1kzivFqTjvMLpABgU0WrSo4Mirx6IKnpkqCIsqOVrE0NqIqBkRF2q7Vm2F5ShfCkc3P83bKdLEWBdtJXlO89dRS4CrmREimc8mRAI6eMocoyGFfE9dB4dCl6wbEeCbnndQA]
[cdn4.telegram-cdn.org/file/LfWmYWd5R5Qad6mCYaCcMo4TOWpTtVjJMRMB4_ObtRvCWF1UgAv5ZfiqYi1ZwZenYQMCO_oFepDacrJu4qH0bJct72zsVpkFJsB-sN42y0Rel5mIz0460q-YVQq-uU9BjRFUjSmMeOOT8MW8G-bKtPhUvxM7SHOGGa3KdHX9YU18jJ1hjGt7BVE63Da6]
[t.me/ittzA7aa/4891.html]
[telegram.org/img/emoji/40/F09FA7A1.png]
[cdn4.telegram-cdn.org/file/rlx_81qk5DG6VthnrQSE0rx0R-Ne37vNp2aArxeGvCwttIPNopqhaOVuF5Z9cfXPI53gUTwrjpgUQj0LAD3F6oICD-90N9hJKsseP-rfAW19jl9sRJCW_bI-nK8nYBrErXa_YtFJYtwZJ6ZkaFPGhG3siWnpbnkukwAFJS86ufvo5szpjnCwfTD7OzQk]
[t.me/kurdapp8.html]
[t.me/ittza7aavip/43.html]
[t.me/ittzA7aa/4892.html]
[t.me/ittzA7aa/4894.html]
[t.me/ittzA7aa/4895.html]
[t.me/ittzA7aa/4896dd5c.html]
[t.me/ittzA7aa/4897dd5c.html]
[t.me/ittzA7aa/4898dd5c.html]
[cdn4.telegram-cdn.org/file/Ejup-iAhcwEJO248jCR199wte8lWM_OyjCsBZVWRiM9_znDK5OCOAYirr6xIfcr-xJDcjfLkPXB2EYEM-LcdT5i56KjjD6Jghm5coCzLlOz0nCbZoUDzm-klPgTOzd8GPiBEGAAsfC5VivW6AGILgmUMROZOeX3FlbPA1NDIUbE-pKNn_w2frbCpOsHw]
[cdn4.telegram-cdn.org/file/I12OFW96UkvPUUAl7OJIkn810wHNTGDJHrvEJTOBylHG82YEkwOApD954gmozYiXeVf2GU2BalxrtzorGBDWxL5cs43rBeaBt1TzOh8zjCjUyQVgCAJz6N4XzaYShKWWbw7ADYGg5dCAB1gQ7lfHDEoZzb_AcDyQRee4mwj9TXbY2ki_7OTaCIRIEtfa]
[t.me/ittzA7aa/4896.html]
[t.me/ittzA7aa/4899dd5c.html]
[t.me/ittzA7aa/4900dd5c.html]
[t.me/ittzA7aa/4901dd5c.html]
[cdn4.telegram-cdn.org/file/VkBByqQCrfhfWhEMSch8OMw6lq0jAF2XN2euJIOC6D6UkaAg_5HB1T9_du62b9L-WGkuWkW4f5Pu-wKd28lqueyRtV83LJ6RzzkQZWLdZiHLCYF2yziCOKhhUZ52Mx91zRHoeJpIA32xqVtBNNjUnWJQ7S3iS5xKpBWOQ_s-YSOuYX9fYMygxOLWSohG]
[t.me/ittzA7aa/4902dd5c.html]
[telegram.org/img/emoji/40/F09FA5BA.png]
[cdn4.telegram-cdn.org/file/N0zB9OFB3i0HACjWhtW16tlE343vgPZOZ3xAjDrVXI21unnPQJtvqfAU1-LizWjq09zFfleXJUBMtVMLBDu6X3sB5GVzVj-eH9KIcHH1qckJVPx9HBo-YmNI_bwwYvrVr4m_ji0coyiYcIC9Q5jClDnnteyF_MrnuMjX9sC-8n6dIiZXgUZlsA3xejT5]
[cdn4.telegram-cdn.org/file/l7NQNAYzpQfEB2FmchPHUjm2U3G-gH6j5687N3TyIRDaLWdI0HTIh9_b6Uqh-_iByZpD7YiSxrlw25b01vTy4zy64mU7aarI4wispKHreaTOwJZoCGMpHQqMdkrAsKr9fDm0PcizjXgkcfW3y8ohZLrI0TBQXycInuYtYcaJlPmR5iiodPdEmrtEXj_F]
[cdn4.telegram-cdn.org/file/oXXqDzOXAOg6VwI7npFw9-L3Ez7ryWsfvR-3SpbhFrVP4I8eEiNRdRB2LVWIMPpX8d1xXwVCyscVdNfFd5vB-z6-E2dxnVPPLnZ1CJTp_Gz8qDA80d8aKgowzQ9OLOmb4MkFQWoWPRtmfA-LBcXE22Fe9WhzDtzOkDZmfEpudREWjpttfvyGOzxWC9OI]
[telegram.org/img/emoji/40/E299A5.png]
[cdn4.telegram-cdn.org/file/rFX9IIjBdc9as_eA6sx1Q1YB00kvt5isJKldf8dAP08AGlpLCJESrhdiCI1NKDcIkM5oF2xE3SVA4LcmRum0UBfEjWdmksZ5k7L_cLoeEmGvcZdNDJPwedAn0jyx4OKLqkl38sJQtWICdzoFiVfroPIvgO1-8idda7B9R_U1i5KhzoXFHrzq793Rgz5e]
[cdn4.telegram-cdn.org/file/JuV5F4eK_D21K1-DgCuFLZi2R0RZqZw3LFHEDh5_rfbhRIVjOgU3KAKsc0b_mLLm5wTqsWzzQHisMGEIb36R3e3-wvks7fd8t-CeVRSIYAdHKx8Rhy2BwLHdtDWE089pOnaeS4Ye0baOLhQ-5e0xTrIxL2Dqr0i0kjvDdIvTzBfDQYQFW2tjKnFnsAfn]
[t.me/s/ittzA7aa/48935fd2.html]
[t.me/ittzA7aa/4899.html]
[t.me/ittzA7aa/4903dd5c.html]
[t.me/ittzA7aa/4904dd5c.html]
[t.me/ittzA7aa/4905dd5c.html]
[t.me/ittzA7aa/4906dd5c.html]
[t.me/s/ittzA7aa/48937fb8.html]
[cdn4.telegram-cdn.org/file/KKdPY0q0oav1bh7OaK9CUcvSmd218DRum1apkwM9MOSVrtRUZf6a7hHVjP_mKhbc4RJrEWCnG6fBcf-VCFU7VSbJjZio_5JMgvGdqtLMf-OoggqBDJ7bNBZ0ZM-5f4eVxyFJ4gRkmLKcLqiwmwBGvvl-TIjAlRH2KWsJvI7WIIVtyMiyJgavyGWDgs0p]
[cdn4.telegram-cdn.org/file/cZU7r39z_rrnon13OJV5oLJmmVU4-W_Fagx0-pCKfUuKf8yrH5rxvswyqaZlLE1ljYeASF6gvFqBQs7J-v7ZQcwcan2ZrGH5RJA-ccaa4FD-XEkuN8CZkzphoqTXSEzjWapC6Hg7UdG2c6Luikaaqq1KdxbB_LMdeGBdNaIP4hJwgAlIeQqG0mK2abGF]
[telegram.org/img/emoji/40/F09F8CB1.png]
[cdn4.telegram-cdn.org/file/dH3yeibL9GgX4IECoUzhtn23X0otmjOGA_-U3vyvG2s6pPU3ZCPtM3kSim9jmuTuxQun59gsfnJAQffBjIEBll_rfUZvFHvvZ444LqHbHVhHdhzvFgcOta29_vGXfdQH_JqftLx3dVYqlwgjshLpKGOo06FnUGjAiBHlLv-F3gcgB0lkU1fY9_ebKQqm]
[t.me/ittzA7aa/4903.html]
[t.me/s/ittzA7aa/4893.html]
[t.me/s/ittzA7aa/5669.html]
[t.me/s/ittzA7aa/5670.html]
[t.me/s/ittzA7aa/5671.html]
[t.me/s/ittzA7aa359b.html]
[t.me/s/ittzA7aad317.html]
[t.me/s/ittzA7aa/5672.html]
[t.me/s/ittzA7aa/5673.html]
[t.me/s/ittzA7aa/5674.html]
[t.me/s/ittzA7aa/5675.html]
[t.me/s/ittzA7aa/5676.html]
[t.me/s/ittzA7aacc81.html]
[t.me/s/ittzA7aa/5677.html]
[t.me/s/ittzA7aa1064.html]
[t.me/s/ittzA7aa/5678.html]
[t.me/s/ittzA7aa/5679.html]
[t.me/s/ittzA7aa/5680.html]
[t.me/s/ittzA7aa/5681.html]
[t.me/s/ittzA7aae163.html]
[t.me/s/ittzA7aa0032.html]
[t.me/s/ittzA7aa138f.html]
[t.me/s/ittzA7aa7843.html]
[t.me/s/ittzA7aa/56839483.html]
[t.me/s/ittzA7aa/56849483.html]
[t.me/s/ittzA7aa/56859483.html]
[t.me/s/ittzA7aa/568515f7.html]
[t.me/s/ittzA7aa/56869483.html]
[t.me/s/ittzA7aa/568615f7.html]
[t.me/s/ittzA7aa/56879483.html]
[t.me/s/ittzA7aa/568715f7.html]
[t.me/s/ittzA7aa/56889483.html]
[t.me/s/ittzA7aa/568815f7.html]
[t.me/s/ittzA7aa/56899483.html]
[t.me/s/ittzA7aa/568915f7.html]
[t.me/s/ittzA7aa/56909483.html]
[t.me/s/ittzA7aa/569015f7.html]
[t.me/s/ittzA7aa/56919483.html]
[t.me/s/ittzA7aa/569115f7.html]
[t.me/s/ittzA7aa/56929483.html]
[t.me/s/ittzA7aa/569215f7.html]
[t.me/s/ittzA7aa/56939483.html]
[t.me/s/ittzA7aa/569315f7.html]
[t.me/s/ittzA7aa/56949483.html]
[t.me/s/ittzA7aa/569415f7.html]
[t.me/s/ittzA7aadfd8.html]
[t.me/s/ittzA7aacc2c.html]
[t.me/s/ittzA7aace07.html]
[t.me/s/ittzA7aa/5652204a.html]
[t.me/s/ittzA7aa/5652e593.html]
[t.me/s/ittzA7aa/56529483.html]
[t.me/s/ittzA7aa/5652.html]
[t.me/s/ittzA7aa/5653204a.html]
[t.me/s/ittzA7aa/5653e593.html]
[t.me/s/ittzA7aa/56539483.html]
[t.me/s/ittzA7aa/5653.html]
[t.me/s/ittzA7aa/5654e593.html]
[t.me/s/ittzA7aa/5654204a.html]
[t.me/s/ittzA7aa/56549483.html]
[t.me/s/ittzA7aa/5654.html]
[t.me/s/ittzA7aa/56959483.html]
[t.me/s/ittzA7aa/569515f7.html]
[t.me/s/ittzA7aa/56969483.html]
[t.me/s/ittzA7aa/569615f7.html]
[t.me/s/ittzA7aaf37e.html]
[t.me/s/ittzA7aae2c2.html]
[t.me/s/ittzA7aa/56979483.html]
[t.me/s/ittzA7aa/569715f7.html]
[t.me/s/ittzA7aa/56989483.html]
[t.me/s/ittzA7aa/569815f7.html]
[t.me/s/ittzA7aa/56999483.html]
[t.me/s/ittzA7aa/569915f7.html]
[t.me/s/ittzA7aa/57009483.html]
[t.me/s/ittzA7aa/570015f7.html]
[t.me/s/ittzA7aa/57019483.html]
[t.me/s/ittzA7aa/570115f7.html]
[t.me/s/ittzA7aad463.html]
[t.me/s/ittzA7aa/57029483.html]
[t.me/s/ittzA7aa/570215f7.html]
[t.me/s/ittzA7aa/57039483.html]
[t.me/s/ittzA7aa/570315f7.html]
[t.me/s/ittzA7aa/57049483.html]
[t.me/s/ittzA7aa/570415f7.html]
[t.me/s/ittzA7aa/570515f7.html]
[t.me/s/ittzA7aa/570615f7.html]
[t.me/s/ittzA7aa9901.html]
[t.me/s/ittzA7aa0e81.html]
[t.me/s/ittzA7aaefad.html]
[t.me/s/ittzA7aa7078.html]
[t.me/ittzA7aa/5586dd5c.html]
[t.me/ittzA7aa/5587dd5c.html]
[t.me/ittzA7aa/5588dd5c.html]
[t.me/ittzA7aa/5589dd5c.html]
[t.me/ittzA7aa/5590dd5c.html]
[t.me/ittzA7aa/5591dd5c.html]
[t.me/ittzA7aa/5592dd5c.html]
[t.me/ittzA7aa/5593dd5c.html]
[t.me/ittzA7aa/5594dd5c.html]
[t.me/ittzA7aa/5595dd5c.html]
[telegram.org/img/emoji/40/F09F9987F09F8FBBE2808DE29982.png]
[t.me/s/ittzA7aa6d8c.html]
[t.me/ittzA7aa/5586.html]
[t.me/ittzA7aa/5596dd5c.html]
[t.me/ittzA7aa/5597dd5c.html]
[t.me/ittzA7aa/5598dd5c.html]
[t.me/ittzA7aa/5599dd5c.html]
[t.me/ittzA7aa/5600dd5c.html]
[t.me/ittzA7aa/5601dd5c.html]
[cdn4.telegram-cdn.org/file/QOosdDA5nF2qPnvsolOZPL_MPXb4Og7_LnaLMOID_14mci6PbJl3RogQFkkG7aSulp2GS0LQ_5nDPmg3bDT7IShTcWAzjT_PAwVLNHLKM34nlvJFdIxPAItZDx4HNrPgiYj-FeKXKXK_blSONg99pEg5G3NcvliZRV1arGahXlRl65JcJV3DHyAHrgoJ]
[t.me/ittzA7aa/5602dd5c.html]
[t.me/ittzA7aa/5603dd5c.html]
[t.me/ittzA7aa/5604dd5c.html]
[t.me/ittzA7aa/5605dd5c.html]
[telegram.org/img/emoji/40/F09F98AC.png]
[cdn4.telegram-cdn.org/file/B71wW5WGWoQlV0IptZAjaDjMgzH4QcMjJjKHyi7AYj4OsAN1aedn1Iql7ywGmHktx754vSqN2Z_xOkC-myMIDn0cu4WzYHGT6A2bbEvb95B7fC3EbQEW4RZ-K-pZFAXJTPUXKBIrW-xOi9YmXkzi-UaWiLg33NXE8b3edZzcFjIFq5jU0_1zhRj4QwKO]
[cdn4.telegram-cdn.org/file/QSrtj4SX4e02cqp5S6mvVRjkLy9CiOLNwrae903GWz8dMIpgEwPkyBTwU072EGtsyssJP0k9Qs9jl6UVMVk7s60s9xIhCxG6XPu2k8UsHMElHb01sj0CxPFozYCcYwu4-I7Wr08qZ4UErsKsjr6WmPObRtOEbKNbRNeqI5kaOBaDsspHCmK2D8-jpSI9]
[cdn4.telegram-cdn.org/file/Vv_YFZnbxIASAjQjvTxvZkvCUJ73DL9WaTCDVnFehEleI5Kl_xyF1omVVkkL27UCJbVjdPCEs-8lWaSP_a8kNwD063iY3OUg7tXFGqphHvVGIFr1Gov0XOCdyiPxI-o6EfTo5ecCo-Evbcm6eJhbS7G5zH3Ju7p8u_epPxw70bWN-lDCvrpTTESXVcYb]
[cdn4.telegram-cdn.org/file/HCoj_6z4_AL85UrjmcD1iSR8OlG8Mlyj0kxP0JS7E92f83OBnikY74ILPc0kTaqu9fSEWxckPWy6MXMNQv2LrqARo6uuu2gWv193-8P8YKx7Ou5m5KdZJS2IoslK-hwvbb_C1J_mNkd_4aub_zXGjRC95MlUeg6gtMQJJx2FIx0HUfrcxLB3zCq3kKAM]
[cdn4.telegram-cdn.org/file/e69KPwxMMKMv7trZrsQcHT96J011ftqGGQorDlgYZHt389Fec3GfRkdRoRddZz-z4_G07vtJLbm3mJcvNSzmU2l2CMN8usWCOuWG7TrkzY2VlyjBmPZ4EgbPBM3iooPwu1WedvZTa6Hh46GyqPQXmwDRzm7MQhvaCH1TcACgrdsEej9WSqHN1Deeh9f8]
[cdn4.telegram-cdn.org/file/YFFx6ig11EP8WrtpM6A-dSLYl0DW-XMNGbwtQ-sJWUjje1N9I3FmdjS6P7J-5w9nloohyV2rTUxNsLF-rYkyYu3RdoN3eXmvRfyH-ja-h_Hx_Tu7bbDYAjqYi6nFs5NawI6V3_NVS1j2N1jXcNJ_utGYwd7mqwmxgmgL_OHBmnqBo2-S9skdsZNrS_US]
[t.me/ittzA7aa/5596.html]
[t.me/ittzA7aa/5606dd5c.html]
[cdn4.telegram-cdn.org/file/EQaiPSJ8MGX51NXSNVRVgb1Faf4rE8LPuIdQW157-qi30nJqAPKt92mCcKnzDwu5v5w4YEs7QWnFNVNl-ojFyZUZODVX2DdOObJBCPASyEbx7PG7EyBu4MQ20qQvGppJvL-tabDFRHWO45bKjZnYH1ZFLVpOZ5UUXssxWaYA5-cvj3haVAQjFMlDiNvs]
[t.me/ittzA7aa/5607dd5c.html]
[telegram.org/img/emoji/40/F09F98BB.png]
[cdn4.telegram-cdn.org/file/kigHjmqFW3dTBS6XwNoqLtz5o58WRVFp2wjBntoL-bClEd1zsQ84TdKVvJuIZ0FI0rm-MCZLqQSoXgcLGlkPsYJ1ohJX0nC7NwFac3VGZE3fTh9C7HLK9njLZZHs43jmIMOS5QBskWJPVHVKbh-jLf7WW1GHr1Gnmc7NewMZgxpSOImpCcKu6hPWnyz0]
[cdn4.telegram-cdn.org/file/Uc_HgD1x6bJk8xURqJ8NpZsl3VeyKgkZ9K6LTjQdatYCugxaY1_ZHozMFBkHd7j2SQa3ZWhNQ9vtrxNU8vpt1qQI2C4cH-EG0SK7Lxdxq61G3QAKWNwiXAYGR32yr3N0Oe1iAQUXLt5D9G-fQMp8x1KMmxmsNDS2PEC4Px8y6Ciy9Zsa5ZIN6tk8Ck0W]
[cdn4.telegram-cdn.org/file/g80BsJ7lQ4fWpqPl2EIeUGrxZlf2E7VU5KUB_8TlRQhABhFMWPIuKj05GXCSI8hd-am8IqLK9FCQv5ei4isfWwP0BHOUBB4CHabEmlWx6rbgUprRS7qkM_wknyjS0nEbcjTxTiMyQOOokIP_aUNHKtUw9hXEmI3nCQALiLbmwCAgnZb5D1_HkFx5vZEn]
[t.me/s/ittzA7aa809b.html]
[t.me/ittzA7aa/5606.html]
[t.me/ittzA7aa/5611dd5c.html]
[t.me/ittzA7aa/5612dd5c.html]
[t.me/s/ittzA7aa4dcb.html]
[t.me/ittzA7aa/5611.html]
[t.me/s/ittzA7aa9a66.html]
[cdn4.telegram-cdn.org/file/UMICIW0llbqaR-3y85LMKMa4yPnqqHK5Tj81UJb8xYVxo_O-lkQCThcoDpP_NiORg-vhn1miThpfTvdkLKLTWbSutrvpG65c4F7e6orNoyNWCbl2lPlLRKDVjWDpIYNpgyjs7B961oEIUTN74HPX2XM13pR5S0dOlkhFYqDUbKvXrK-57lDGkcC5DGiB]
[t.me/s/ittzA7aaef0d.html]
[t.me/s/ittzA7aaf871.html]
[t.me/s/ittzA7aa9ec8.html]
[t.me/ittzA7aa/5613dd5c.html]
[t.me/s/ittzA7aa/5613.html]
[t.me/s/ittzA7aa/5614.html]
[t.me/ittzA7aa/5614dd5c.html]
[t.me/ittzA7aa/5615dd5c.html]
[t.me/ittzA7aa/5613.html]
[t.me/s/ittzA7aa/5615.html]
[t.me/s/ittza7aavip.html]
[t.me/ittza7aavip.html]
[cdn4.telegram-cdn.org/file/mbu-Iwe3im8y5rGp8YexpBuy0loYCQbZm_pkyCK2ekNCFyAJekbhVa2jG0L5-8zm1-IbmB7BI4lvdE0-Wkv01MRVXD6Fk_kYHRH9zOwmUIyW6UExeLFN2YkQNNVhsQToT6kN5MexuDK_htuJw3Huq1oVOA-ssoK21xj1_xHl1rLvskld1IUAc_DLsbmp]
[t.me/s/ittzA7aa/5616.html]
[t.me/ittzA7aa/5616.html]
[t.me/s/ittzA7aa/5617.html]
[t.me/ittzA7aa/5617.html]
[t.me/s/ittzA7aa2fd4.html]
[t.me/ittzA7aa/3624.html]
[telegram.org/img/emoji/40/F09F938C.png]
[cdn4.telegram-cdn.org/file/Lg4Cmc_JwunHmlu-EtxlPcScKWqPwD1ircyl94XZkSd0AIfUwBEGVdcxL5Xidt167ZdQT8xnMuc7h1coGYTmhxq1zHbuUkFdWbs8FU45BZ-QxIPcCI5FwiE6a2sGAV_0UtScaOM3lnMs07dIOeAn-hDcm1W2eLGuQ28qlzfscxuQmToVMnikus15sl02]
[telegram.org/img/emoji/40/F09F998F.png]
[t.me/ittzA7aa/3817.html]
[t.me/ittzA7aa/3861.html]
[telegram.org/img/emoji/40/E28FB0.png]
[cdn4.telegram-cdn.org/file/GqiH_wIjXzqD6M8katByMtGWJdZPqc8h-Kygp9vkEhb7_VBuFXpvU-6WJLiSClCtPSMC16bRGMJW9NZOrhc2fyUp_0P3DjNYFEFO0WVzpJXqu1_J0d62KFoTdgwMnjvSiloFXCoTO9e0I0zaTcSF_rkXouapvOZZvxMgyF78qG8C2KhulWvJgaDeJ_YA]
[t.me/ittzA7aa/3875.html]
[t.me/ittzA7aa/3881.html]
[telegram.org/img/emoji/40/E28FB3.png]
[cdn4.telegram-cdn.org/file/Wlbt03GuLCuBpbCHbpfmnfW_nJeT-Ky5pPHagtTZ9gVK6-pHU28VDw46ZbaMNM-rH5C-6hdug_KJG7hBW1K8gRDo-cRgQTkWu9RS-wTOhId58FrN9Cpj9ejF3teb9tv-JyX3ZCV4YwZe4q0mZbiI856kkQ5DvDhpLHuUNdJCZGgOGQ0NtaRgNxIpohYW]
[t.me/ittzA7aa/3927.html]
[t.me/ittzA7aa/3931.html]
[t.me/ittzA7aa/4236.html]
[t.me/ittzA7aa/4328.html]
[t.me/ittzA7aa/4403.html]
[t.me/ittzA7aa/4650.html]
[t.me/s/ittzA7aa306f.html]
[cdn4.telegram-cdn.org/file/VwNgMmLFS6SQcWEgaws9728-RvQqrGeL8vN1pT6qZDArIuTk9m2-9SbJNaWVk9aLvypm0wwnY4SOuLObBnf_1q2GiiSKll312tuQlhVoHHjopJB59CBAYf98bhZDHAXWr-ZfZ5lC8IZu4XB9b9eO7GMsmlDrOslQqtPPFETsA7x8MVok-2_sWjrLoseW]
[cdn4.telegram-cdn.org/file/px86bnwBunzsrKErtso_SPh40h6xdbjT60yTojf44t_ZWid373DSUPhNsvN2ElBjStQzUf-SpMlMbZV9cmuVtsB44jJX2qbhMHBpdq_EVxMEe__b91WAnvpXQfk5nAO59TD1MaZ7XxArsiyx8IkRW9qtxsVjZUMg8MTBjfChaPVg1v01dae0xg80XpPs]
[t.me/s/ittzA7aa/5618.html]
[t.me/ittzA7aa/5618.html]
[t.me/s/ittzA7aa8884.html]
[t.me/s/ittzA7aa257e.html]
[t.me/ittzA7aa/5619.html]
[t.me/s/ittzA7aa/5619.html]
[t.me/ittzA7aa/5620.html]
[t.me/s/ittzA7aa/5620.html]
[t.me/ittzA7aa/5621.html]
[t.me/s/ittzA7aa/5621.html]
[t.me/ittzA7aa/5622.html]
[t.me/s/ittzA7aa/5622.html]
[t.me/ittzA7aa/5623.html]
[t.me/s/ittzA7aa/5623.html]
[t.me/ittzA7aa/5624.html]
[t.me/s/ittzA7aa/5624.html]
[t.me/ittzA7aa/5625.html]
[t.me/s/ittzA7aa/5625.html]
[t.me/ittzA7aa/5626.html]
[t.me/s/ittzA7aa/5626.html]
[t.me/ittzA7aa/5627.html]
[t.me/s/ittzA7aa/5627.html]
[t.me/ittzA7aa/5628.html]
[t.me/s/ittzA7aa/5628.html]
[t.me/s/ittzA7aa/5629.html]
[t.me/ittzA7aa/5629.html]
[t.me/s/ittzA7aa/5630.html]
[t.me/ittzA7aa/5630.html]
[t.me/s/ittzA7aa/5631.html]
[t.me/ittzA7aa/5631.html]
[t.me/s/ittzA7aa/5632.html]
[t.me/ittzA7aa/5632.html]
[t.me/s/ittzA7aa426b.html]
[t.me/s/ittzA7aa793f.html]
[t.me/s/ittzA7aa3149.html]
[t.me/s/ittzA7aa/5633204a.html]
[t.me/s/ittzA7aa/5633.html]
[t.me/s/ittzA7aa93a6.html]
[t.me/s/ittzA7aa3007.html]
[t.me/s/ittzA7aa1da4.html]
[t.me/s/ittzA7aa/5634204a.html]
[t.me/s/ittzA7aa/5634e593.html]
[t.me/s/ittzA7aa/5634.html]
[t.me/s/ittzA7aa4485.html]
[t.me/s/ittzA7aa/5635204a.html]
[t.me/s/ittzA7aa/5635e593.html]
[t.me/s/ittzA7aa/5635.html]
[t.me/s/ittzA7aa0ffe.html]
[t.me/s/ittzA7aa/5636204a.html]
[t.me/s/ittzA7aa/5636e593.html]
[t.me/s/ittzA7aa/5636.html]
[t.me/s/ittzA7aa322f.html]
[t.me/s/ittzA7aa/5637204a.html]
[t.me/s/ittzA7aa/5637e593.html]
[t.me/s/ittzA7aa/5637.html]
[t.me/s/ittzA7aa8f94.html]
[t.me/s/ittzA7aa/5638204a.html]
[t.me/s/ittzA7aa/5638e593.html]
[t.me/s/ittzA7aa/5638.html]
[t.me/s/ittzA7aab555.html]
[t.me/s/ittzA7aa/5639204a.html]
[t.me/s/ittzA7aa/5639e593.html]
[t.me/s/ittzA7aa/5639.html]
[t.me/s/ittzA7aa5f8d.html]
[t.me/s/ittzA7aa/5640.html]
[t.me/s/ittzA7aa/5641.html]
[t.me/s/ittzA7aa/5642.html]
[t.me/s/ittzA7aa/5643.html]
[t.me/s/ittzA7aa8b48.html]
[t.me/ittzA7aa/5608dd5c.html]
[t.me/ittzA7aa/5609dd5c.html]
[t.me/ittzA7aa/5610dd5c.html]
[t.me/ittzA7aa/5608.html]
[t.me/s/ittzA7aa/5644.html]
[t.me/s/ittzA7aa/5645.html]
[t.me/s/ittzA7aa/5646.html]
[t.me/s/ittzA7aa/5647.html]
[t.me/s/ittzA7aa/5648.html]
[t.me/s/ittzA7aac777.html]
[t.me/ittzA7aa/3790dd5c.html]
[t.me/ittzA7aa/3791dd5c.html]
[t.me/ittzA7aa/3792dd5c.html]
[t.me/ittzA7aa/3793dd5c.html]
[t.me/s/ittzA7aac663.html]
[t.me/ittzA7aa/3790.html]
[t.me/s/ittzA7aa/5649.html]
[t.me/s/ittzA7aa/5650.html]
[t.me/s/ittzA7aa/5651.html]
[t.me/s/ittzA7aa/5655.html]
[t.me/s/ittzA7aa/5656.html]
[t.me/s/ittzA7aa/5657.html]
[t.me/s/ittzA7aa7f15.html]
[t.me/s/ittzA7aa1e54.html]
[t.me/s/ittzA7aa9adc.html]
[t.me/s/ittzA7aa03e1.html]
[t.me/s/ittzA7aa3dee.html]
[t.me/s/ittzA7aa0dd8.html]
[t.me/s/ittzA7aa/5658e593.html]
[t.me/s/ittzA7aa/5658204a.html]
[t.me/s/ittzA7aa/56589483.html]
[t.me/s/ittzA7aaf04f.html]
[t.me/s/ittzA7aac9cf.html]
[t.me/s/ittzA7aa19ce.html]
[t.me/s/ittzA7aa/5659204a.html]
[t.me/s/ittzA7aa/56599483.html]
[t.me/s/ittzA7aaf70b.html]
[t.me/s/ittzA7aa8c50.html]
[t.me/s/ittzA7aa/5660204a.html]
[t.me/s/ittzA7aa/56609483.html]
[t.me/s/ittzA7aa/5661204a.html]
[t.me/s/ittzA7aa/56619483.html]
[t.me/s/ittzA7aa/56629483.html]
[t.me/s/ittzA7aa/56639483.html]
[t.me/s/ittzA7aa/56649483.html]
[t.me/s/ittzA7aab968.html]
[t.me/s/ittzA7aad849.html]
[t.me/s/ittzA7aab1b0.html]
[t.me/s/ittzA7aa4a9c.html]
[t.me/ittzA7aa/4882dd5c.html]
[t.me/ittzA7aa/4883dd5c.html]
[t.me/ittzA7aa/4882.html]
[t.me/ittzA7aa/4884.html]
[t.me/ittzA7aa/4885.html]
[t.me/ittzA7aa/4886.html]
[t.me/ittzA7aa/4887.html]
[t.me/ittzA7aa/4888.html]
[t.me/ittzA7aa/4890.html]
[t.me/ittzA7aa/4891.html]
[t.me/kurdapp8.html]
[t.me/ittza7aavip/43.html]
[t.me/ittzA7aa/4892.html]
[t.me/ittzA7aa/4894.html]
[t.me/ittzA7aa/4895.html]
[t.me/ittzA7aa/4896dd5c.html]
[t.me/ittzA7aa/4897dd5c.html]
[t.me/ittzA7aa/4898dd5c.html]
[t.me/ittzA7aa/4896.html]
[t.me/ittzA7aa/4899dd5c.html]
[t.me/ittzA7aa/4900dd5c.html]
[t.me/ittzA7aa/4901dd5c.html]
[t.me/ittzA7aa/4902dd5c.html]
[t.me/s/ittzA7aa/48935fd2.html]
[t.me/ittzA7aa/4899.html]
[t.me/ittzA7aa/4903dd5c.html]
[t.me/ittzA7aa/4904dd5c.html]
[t.me/ittzA7aa/4905dd5c.html]
[t.me/ittzA7aa/4906dd5c.html]
[t.me/s/ittzA7aa/48937fb8.html]
[t.me/ittzA7aa/4903.html]
[t.me/s/ittzA7aa359b.html]
[t.me/s/ittzA7aad317.html]
[t.me/s/ittzA7aacc81.html]
[t.me/s/ittzA7aa1064.html]
[t.me/s/ittzA7aadfd8.html]
[t.me/s/ittzA7aacc2c.html]
[t.me/s/ittzA7aace07.html]
[t.me/s/ittzA7aa/5652204a.html]
[t.me/s/ittzA7aa/5652e593.html]
[t.me/s/ittzA7aa/56529483.html]
[t.me/s/ittzA7aa/5653204a.html]
[t.me/s/ittzA7aa/5653e593.html]
[t.me/s/ittzA7aa/56539483.html]
[t.me/s/ittzA7aa/5654e593.html]
[t.me/s/ittzA7aa/5654204a.html]
[t.me/s/ittzA7aa/56549483.html]
[t.me/s/ittzA7aa0e81.html]
[t.me/s/ittzA7aaefad.html]
[t.me/s/ittzA7aa7078.html]
[t.me/ittzA7aa/5586dd5c.html]
[t.me/ittzA7aa/5587dd5c.html]
[t.me/ittzA7aa/5588dd5c.html]
[t.me/ittzA7aa/5589dd5c.html]
[t.me/ittzA7aa/5590dd5c.html]
[t.me/ittzA7aa/5591dd5c.html]
[t.me/ittzA7aa/5592dd5c.html]
[t.me/ittzA7aa/5593dd5c.html]
[t.me/ittzA7aa/5594dd5c.html]
[t.me/ittzA7aa/5595dd5c.html]
[t.me/s/ittzA7aa6d8c.html]
[t.me/ittzA7aa/5586.html]
[t.me/ittzA7aa/5596dd5c.html]
[t.me/ittzA7aa/5597dd5c.html]
[t.me/ittzA7aa/5598dd5c.html]
[t.me/ittzA7aa/5599dd5c.html]
[t.me/ittzA7aa/5600dd5c.html]
[t.me/ittzA7aa/5601dd5c.html]
[t.me/ittzA7aa/5602dd5c.html]
[t.me/ittzA7aa/5603dd5c.html]
[t.me/ittzA7aa/5604dd5c.html]
[t.me/ittzA7aa/5605dd5c.html]
[t.me/ittzA7aa/5596.html]
[t.me/ittzA7aa/5606dd5c.html]
[t.me/ittzA7aa/5607dd5c.html]
[t.me/s/ittzA7aa809b.html]
[t.me/ittzA7aa/5606.html]
[t.me/ittzA7aa/5611dd5c.html]
[t.me/ittzA7aa/5612dd5c.html]
[t.me/s/ittzA7aa4dcb.html]
[t.me/ittzA7aa/5611.html]
[t.me/s/ittzA7aaef0d.html]
[t.me/s/ittzA7aaf871.html]
[t.me/s/ittzA7aa/5613.html]
[t.me/s/ittzA7aa/5614.html]
[t.me/s/ittzA7aa/5615.html]
[t.me/s/ittza7aavip.html]
[t.me/s/ittzA7aa/5616.html]
[t.me/s/ittzA7aa/5617.html]
[t.me/s/ittzA7aa2fd4.html]
[t.me/ittzA7aa/3624.html]
[t.me/ittzA7aa/3817.html]
[t.me/ittzA7aa/3861.html]
[t.me/ittzA7aa/3875.html]
[t.me/ittzA7aa/3881.html]
[t.me/ittzA7aa/3927.html]
[t.me/ittzA7aa/3931.html]
[t.me/ittzA7aa/4236.html]
[t.me/ittzA7aa/4328.html]
[t.me/ittzA7aa/4403.html]
[t.me/ittzA7aa/4650.html]
[t.me/s/ittzA7aa/5618.html]
[t.me/s/ittzA7aa8884.html]
[t.me/s/ittzA7aa/5619.html]
[t.me/s/ittzA7aa/5620.html]
[t.me/s/ittzA7aa/5621.html]
[t.me/s/ittzA7aa/5622.html]
[t.me/s/ittzA7aa/5623.html]
[t.me/s/ittzA7aa/5624.html]
[t.me/s/ittzA7aa/5625.html]
[t.me/s/ittzA7aa/5626.html]
[t.me/s/ittzA7aa/5627.html]
[t.me/s/ittzA7aa/5628.html]
[t.me/s/ittzA7aa/5629.html]
[t.me/s/ittzA7aa/5630.html]
[t.me/s/ittzA7aa/5631.html]
[t.me/s/ittzA7aa/5632.html]
[t.me/s/ittzA7aa426b.html]
[t.me/s/ittzA7aa793f.html]
[t.me/s/ittzA7aa3149.html]
[t.me/s/ittzA7aa/5633204a.html]
[t.me/s/ittzA7aa93a6.html]
[t.me/s/ittzA7aa3007.html]
[t.me/s/ittzA7aa1da4.html]
[t.me/s/ittzA7aa/5634204a.html]
[t.me/s/ittzA7aa/5634e593.html]
[t.me/s/ittzA7aa4485.html]
[t.me/s/ittzA7aa/5635204a.html]
[t.me/s/ittzA7aa/5635e593.html]
[t.me/s/ittzA7aa0ffe.html]
[t.me/s/ittzA7aa/5636204a.html]
[t.me/s/ittzA7aa/5636e593.html]
[t.me/s/ittzA7aa322f.html]
[t.me/s/ittzA7aa/5637204a.html]
[t.me/s/ittzA7aa/5637e593.html]
[t.me/s/ittzA7aa8f94.html]
[t.me/s/ittzA7aa/5638204a.html]
[t.me/s/ittzA7aa/5638e593.html]
[t.me/s/ittzA7aab555.html]
[t.me/s/ittzA7aa/5639204a.html]
[t.me/s/ittzA7aa/5639e593.html]
[t.me/s/ittzA7aa5f8d.html]
